Archive member included to satisfy reference by file (symbol)

c:/sysgcc/update/bin/../lib/gcc/arm-none-eabi/9.3.1/../../../../arm-none-eabi/lib/thumb/v7-m/nofp\libc.a(lib_a-exit.o)
                              c:/sysgcc/update/bin/../lib/gcc/arm-none-eabi/9.3.1/../../../../arm-none-eabi/lib/thumb/v7-m/nofp/crt0.o (exit)
c:/sysgcc/update/bin/../lib/gcc/arm-none-eabi/9.3.1/../../../../arm-none-eabi/lib/thumb/v7-m/nofp\libc.a(lib_a-impure.o)
                              c:/sysgcc/update/bin/../lib/gcc/arm-none-eabi/9.3.1/../../../../arm-none-eabi/lib/thumb/v7-m/nofp\libc.a(lib_a-exit.o) (_global_impure_ptr)
c:/sysgcc/update/bin/../lib/gcc/arm-none-eabi/9.3.1/../../../../arm-none-eabi/lib/thumb/v7-m/nofp\libc.a(lib_a-init.o)
                              c:/sysgcc/update/bin/../lib/gcc/arm-none-eabi/9.3.1/../../../../arm-none-eabi/lib/thumb/v7-m/nofp/crt0.o (__libc_init_array)
c:/sysgcc/update/bin/../lib/gcc/arm-none-eabi/9.3.1/../../../../arm-none-eabi/lib/thumb/v7-m/nofp\libc.a(lib_a-memset.o)
                              c:/sysgcc/update/bin/../lib/gcc/arm-none-eabi/9.3.1/../../../../arm-none-eabi/lib/thumb/v7-m/nofp/crt0.o (memset)
c:/sysgcc/update/bin/../lib/gcc/arm-none-eabi/9.3.1/../../../../arm-none-eabi/lib/thumb/v7-m/nofp\libc.a(lib_a-__call_atexit.o)
                              c:/sysgcc/update/bin/../lib/gcc/arm-none-eabi/9.3.1/../../../../arm-none-eabi/lib/thumb/v7-m/nofp\libc.a(lib_a-exit.o) (__call_exitprocs)
c:/sysgcc/update/bin/../lib/gcc/arm-none-eabi/9.3.1/../../../../arm-none-eabi/lib/thumb/v7-m/nofp\libc.a(lib_a-atexit.o)
                              c:/sysgcc/update/bin/../lib/gcc/arm-none-eabi/9.3.1/../../../../arm-none-eabi/lib/thumb/v7-m/nofp\libc.a(lib_a-__call_atexit.o) (atexit)
c:/sysgcc/update/bin/../lib/gcc/arm-none-eabi/9.3.1/../../../../arm-none-eabi/lib/thumb/v7-m/nofp\libc.a(lib_a-fini.o)
                              c:/sysgcc/update/bin/../lib/gcc/arm-none-eabi/9.3.1/../../../../arm-none-eabi/lib/thumb/v7-m/nofp\libc.a(lib_a-__call_atexit.o) (__libc_fini_array)
c:/sysgcc/update/bin/../lib/gcc/arm-none-eabi/9.3.1/../../../../arm-none-eabi/lib/thumb/v7-m/nofp\libc.a(lib_a-lock.o)
                              c:/sysgcc/update/bin/../lib/gcc/arm-none-eabi/9.3.1/../../../../arm-none-eabi/lib/thumb/v7-m/nofp\libc.a(lib_a-__call_atexit.o) (__retarget_lock_acquire_recursive)
c:/sysgcc/update/bin/../lib/gcc/arm-none-eabi/9.3.1/../../../../arm-none-eabi/lib/thumb/v7-m/nofp\libc.a(lib_a-__atexit.o)
                              c:/sysgcc/update/bin/../lib/gcc/arm-none-eabi/9.3.1/../../../../arm-none-eabi/lib/thumb/v7-m/nofp\libc.a(lib_a-atexit.o) (__register_exitproc)

Allocating common symbols
Common symbol       size              file

__lock___atexit_recursive_mutex
                    0x1               c:/sysgcc/update/bin/../lib/gcc/arm-none-eabi/9.3.1/../../../../arm-none-eabi/lib/thumb/v7-m/nofp\libc.a(lib_a-lock.o)
__lock___arc4random_mutex
                    0x1               c:/sysgcc/update/bin/../lib/gcc/arm-none-eabi/9.3.1/../../../../arm-none-eabi/lib/thumb/v7-m/nofp\libc.a(lib_a-lock.o)
uwTick              0x4               CMakeFiles/BSP.dir/Drivers/STM32F1xx_HAL_Driver/Src/stm32f1xx_hal.c.obj
pFlash              0x20              CMakeFiles/BSP.dir/Drivers/STM32F1xx_HAL_Driver/Src/stm32f1xx_hal_flash.c.obj
__lock___env_recursive_mutex
                    0x1               c:/sysgcc/update/bin/../lib/gcc/arm-none-eabi/9.3.1/../../../../arm-none-eabi/lib/thumb/v7-m/nofp\libc.a(lib_a-lock.o)
__lock___sinit_recursive_mutex
                    0x1               c:/sysgcc/update/bin/../lib/gcc/arm-none-eabi/9.3.1/../../../../arm-none-eabi/lib/thumb/v7-m/nofp\libc.a(lib_a-lock.o)
__lock___malloc_recursive_mutex
                    0x1               c:/sysgcc/update/bin/../lib/gcc/arm-none-eabi/9.3.1/../../../../arm-none-eabi/lib/thumb/v7-m/nofp\libc.a(lib_a-lock.o)
huart1              0x40              CMakeFiles/BSP.dir/Src/usart.c.obj
__lock___at_quick_exit_mutex
                    0x1               c:/sysgcc/update/bin/../lib/gcc/arm-none-eabi/9.3.1/../../../../arm-none-eabi/lib/thumb/v7-m/nofp\libc.a(lib_a-lock.o)
__lock___dd_hash_mutex
                    0x1               c:/sysgcc/update/bin/../lib/gcc/arm-none-eabi/9.3.1/../../../../arm-none-eabi/lib/thumb/v7-m/nofp\libc.a(lib_a-lock.o)
__lock___tz_mutex   0x1               c:/sysgcc/update/bin/../lib/gcc/arm-none-eabi/9.3.1/../../../../arm-none-eabi/lib/thumb/v7-m/nofp\libc.a(lib_a-lock.o)
__lock___sfp_recursive_mutex
                    0x1               c:/sysgcc/update/bin/../lib/gcc/arm-none-eabi/9.3.1/../../../../arm-none-eabi/lib/thumb/v7-m/nofp\libc.a(lib_a-lock.o)

Discarded input sections

 .text          0x00000000        0x0 c:/sysgcc/update/bin/../lib/gcc/arm-none-eabi/9.3.1/thumb/v7-m/nofp/crti.o
 .data          0x00000000        0x0 c:/sysgcc/update/bin/../lib/gcc/arm-none-eabi/9.3.1/thumb/v7-m/nofp/crti.o
 .bss           0x00000000        0x0 c:/sysgcc/update/bin/../lib/gcc/arm-none-eabi/9.3.1/thumb/v7-m/nofp/crti.o
 .data          0x00000000        0x4 c:/sysgcc/update/bin/../lib/gcc/arm-none-eabi/9.3.1/thumb/v7-m/nofp/crtbegin.o
 .text          0x00000000       0x7c c:/sysgcc/update/bin/../lib/gcc/arm-none-eabi/9.3.1/../../../../arm-none-eabi/lib/thumb/v7-m/nofp/crt0.o
 .data          0x00000000        0x0 c:/sysgcc/update/bin/../lib/gcc/arm-none-eabi/9.3.1/../../../../arm-none-eabi/lib/thumb/v7-m/nofp/crt0.o
 .bss           0x00000000        0x0 c:/sysgcc/update/bin/../lib/gcc/arm-none-eabi/9.3.1/../../../../arm-none-eabi/lib/thumb/v7-m/nofp/crt0.o
 .ARM.extab     0x00000000        0x0 c:/sysgcc/update/bin/../lib/gcc/arm-none-eabi/9.3.1/../../../../arm-none-eabi/lib/thumb/v7-m/nofp/crt0.o
 .ARM.exidx     0x00000000       0x10 c:/sysgcc/update/bin/../lib/gcc/arm-none-eabi/9.3.1/../../../../arm-none-eabi/lib/thumb/v7-m/nofp/crt0.o
 .ARM.attributes
                0x00000000       0x1b c:/sysgcc/update/bin/../lib/gcc/arm-none-eabi/9.3.1/../../../../arm-none-eabi/lib/thumb/v7-m/nofp/crt0.o
 .text          0x00000000        0x0 CMakeFiles/BSP.dir/Src/system_stm32f1xx.c.obj
 .data          0x00000000        0x0 CMakeFiles/BSP.dir/Src/system_stm32f1xx.c.obj
 .bss           0x00000000        0x0 CMakeFiles/BSP.dir/Src/system_stm32f1xx.c.obj
 .text.SystemCoreClockUpdate
                0x00000000       0x58 CMakeFiles/BSP.dir/Src/system_stm32f1xx.c.obj
 .text          0x00000000        0x0 CMakeFiles/BSP.dir/Drivers/STM32F1xx_HAL_Driver/Src/stm32f1xx_hal_exti.c.obj
 .data          0x00000000        0x0 CMakeFiles/BSP.dir/Drivers/STM32F1xx_HAL_Driver/Src/stm32f1xx_hal_exti.c.obj
 .bss           0x00000000        0x0 CMakeFiles/BSP.dir/Drivers/STM32F1xx_HAL_Driver/Src/stm32f1xx_hal_exti.c.obj
 .text.HAL_EXTI_SetConfigLine
                0x00000000       0x9c CMakeFiles/BSP.dir/Drivers/STM32F1xx_HAL_Driver/Src/stm32f1xx_hal_exti.c.obj
 .text.HAL_EXTI_GetConfigLine
                0x00000000       0x90 CMakeFiles/BSP.dir/Drivers/STM32F1xx_HAL_Driver/Src/stm32f1xx_hal_exti.c.obj
 .text.HAL_EXTI_ClearConfigLine
                0x00000000       0x6c CMakeFiles/BSP.dir/Drivers/STM32F1xx_HAL_Driver/Src/stm32f1xx_hal_exti.c.obj
 .text.HAL_EXTI_RegisterCallback
                0x00000000        0xe CMakeFiles/BSP.dir/Drivers/STM32F1xx_HAL_Driver/Src/stm32f1xx_hal_exti.c.obj
 .text.HAL_EXTI_GetHandle
                0x00000000        0xc CMakeFiles/BSP.dir/Drivers/STM32F1xx_HAL_Driver/Src/stm32f1xx_hal_exti.c.obj
 .text.HAL_EXTI_IRQHandler
                0x00000000       0x20 CMakeFiles/BSP.dir/Drivers/STM32F1xx_HAL_Driver/Src/stm32f1xx_hal_exti.c.obj
 .text.HAL_EXTI_GetPending
                0x00000000       0x1c CMakeFiles/BSP.dir/Drivers/STM32F1xx_HAL_Driver/Src/stm32f1xx_hal_exti.c.obj
 .text.HAL_EXTI_ClearPending
                0x00000000       0x14 CMakeFiles/BSP.dir/Drivers/STM32F1xx_HAL_Driver/Src/stm32f1xx_hal_exti.c.obj
 .text.HAL_EXTI_GenerateSWI
                0x00000000       0x14 CMakeFiles/BSP.dir/Drivers/STM32F1xx_HAL_Driver/Src/stm32f1xx_hal_exti.c.obj
 .comment       0x00000000       0x4d CMakeFiles/BSP.dir/Drivers/STM32F1xx_HAL_Driver/Src/stm32f1xx_hal_exti.c.obj
 .ARM.attributes
                0x00000000       0x2d CMakeFiles/BSP.dir/Drivers/STM32F1xx_HAL_Driver/Src/stm32f1xx_hal_exti.c.obj
 .text          0x00000000        0x0 CMakeFiles/BSP.dir/Drivers/STM32F1xx_HAL_Driver/Src/stm32f1xx_hal_flash_ex.c.obj
 .data          0x00000000        0x0 CMakeFiles/BSP.dir/Drivers/STM32F1xx_HAL_Driver/Src/stm32f1xx_hal_flash_ex.c.obj
 .bss           0x00000000        0x0 CMakeFiles/BSP.dir/Drivers/STM32F1xx_HAL_Driver/Src/stm32f1xx_hal_flash_ex.c.obj
 .text.FLASH_MassErase.isra.0
                0x00000000       0x24 CMakeFiles/BSP.dir/Drivers/STM32F1xx_HAL_Driver/Src/stm32f1xx_hal_flash_ex.c.obj
 .text.FLASH_OB_RDP_LevelConfig
                0x00000000       0x64 CMakeFiles/BSP.dir/Drivers/STM32F1xx_HAL_Driver/Src/stm32f1xx_hal_flash_ex.c.obj
 .text.HAL_FLASHEx_OBErase
                0x00000000       0x54 CMakeFiles/BSP.dir/Drivers/STM32F1xx_HAL_Driver/Src/stm32f1xx_hal_flash_ex.c.obj
 .text.HAL_FLASHEx_OBProgram
                0x00000000      0x1ec CMakeFiles/BSP.dir/Drivers/STM32F1xx_HAL_Driver/Src/stm32f1xx_hal_flash_ex.c.obj
 .text.HAL_FLASHEx_OBGetConfig
                0x00000000       0x28 CMakeFiles/BSP.dir/Drivers/STM32F1xx_HAL_Driver/Src/stm32f1xx_hal_flash_ex.c.obj
 .text.HAL_FLASHEx_OBGetUserData
                0x00000000       0x1c CMakeFiles/BSP.dir/Drivers/STM32F1xx_HAL_Driver/Src/stm32f1xx_hal_flash_ex.c.obj
 .text.FLASH_PageErase
                0x00000000       0x24 CMakeFiles/BSP.dir/Drivers/STM32F1xx_HAL_Driver/Src/stm32f1xx_hal_flash_ex.c.obj
 .text.HAL_FLASHEx_Erase
                0x00000000       0x98 CMakeFiles/BSP.dir/Drivers/STM32F1xx_HAL_Driver/Src/stm32f1xx_hal_flash_ex.c.obj
 .text.HAL_FLASHEx_Erase_IT
                0x00000000       0x50 CMakeFiles/BSP.dir/Drivers/STM32F1xx_HAL_Driver/Src/stm32f1xx_hal_flash_ex.c.obj
 .comment       0x00000000       0x4d CMakeFiles/BSP.dir/Drivers/STM32F1xx_HAL_Driver/Src/stm32f1xx_hal_flash_ex.c.obj
 .ARM.attributes
                0x00000000       0x2d CMakeFiles/BSP.dir/Drivers/STM32F1xx_HAL_Driver/Src/stm32f1xx_hal_flash_ex.c.obj
 .text          0x00000000        0x0 CMakeFiles/BSP.dir/Drivers/STM32F1xx_HAL_Driver/Src/stm32f1xx_hal_flash.c.obj
 .data          0x00000000        0x0 CMakeFiles/BSP.dir/Drivers/STM32F1xx_HAL_Driver/Src/stm32f1xx_hal_flash.c.obj
 .bss           0x00000000        0x0 CMakeFiles/BSP.dir/Drivers/STM32F1xx_HAL_Driver/Src/stm32f1xx_hal_flash.c.obj
 .text.FLASH_SetErrorCode
                0x00000000       0x50 CMakeFiles/BSP.dir/Drivers/STM32F1xx_HAL_Driver/Src/stm32f1xx_hal_flash.c.obj
 .text.HAL_FLASH_Program_IT
                0x00000000       0x5c CMakeFiles/BSP.dir/Drivers/STM32F1xx_HAL_Driver/Src/stm32f1xx_hal_flash.c.obj
 .text.HAL_FLASH_EndOfOperationCallback
                0x00000000        0x2 CMakeFiles/BSP.dir/Drivers/STM32F1xx_HAL_Driver/Src/stm32f1xx_hal_flash.c.obj
 .text.HAL_FLASH_OperationErrorCallback
                0x00000000        0x2 CMakeFiles/BSP.dir/Drivers/STM32F1xx_HAL_Driver/Src/stm32f1xx_hal_flash.c.obj
 .text.HAL_FLASH_IRQHandler
                0x00000000      0x114 CMakeFiles/BSP.dir/Drivers/STM32F1xx_HAL_Driver/Src/stm32f1xx_hal_flash.c.obj
 .text.HAL_FLASH_Unlock
                0x00000000       0x24 CMakeFiles/BSP.dir/Drivers/STM32F1xx_HAL_Driver/Src/stm32f1xx_hal_flash.c.obj
 .text.HAL_FLASH_Lock
                0x00000000       0x14 CMakeFiles/BSP.dir/Drivers/STM32F1xx_HAL_Driver/Src/stm32f1xx_hal_flash.c.obj
 .text.HAL_FLASH_OB_Unlock
                0x00000000       0x24 CMakeFiles/BSP.dir/Drivers/STM32F1xx_HAL_Driver/Src/stm32f1xx_hal_flash.c.obj
 .text.HAL_FLASH_OB_Lock
                0x00000000       0x14 CMakeFiles/BSP.dir/Drivers/STM32F1xx_HAL_Driver/Src/stm32f1xx_hal_flash.c.obj
 .text.HAL_FLASH_OB_Launch
                0x00000000        0x4 CMakeFiles/BSP.dir/Drivers/STM32F1xx_HAL_Driver/Src/stm32f1xx_hal_flash.c.obj
 .text.HAL_FLASH_GetError
                0x00000000        0xc CMakeFiles/BSP.dir/Drivers/STM32F1xx_HAL_Driver/Src/stm32f1xx_hal_flash.c.obj
 .text.FLASH_WaitForLastOperation
                0x00000000       0x54 CMakeFiles/BSP.dir/Drivers/STM32F1xx_HAL_Driver/Src/stm32f1xx_hal_flash.c.obj
 .text.HAL_FLASH_Program
                0x00000000       0xa4 CMakeFiles/BSP.dir/Drivers/STM32F1xx_HAL_Driver/Src/stm32f1xx_hal_flash.c.obj
 .comment       0x00000000       0x4d CMakeFiles/BSP.dir/Drivers/STM32F1xx_HAL_Driver/Src/stm32f1xx_hal_flash.c.obj
 .ARM.attributes
                0x00000000       0x2d CMakeFiles/BSP.dir/Drivers/STM32F1xx_HAL_Driver/Src/stm32f1xx_hal_flash.c.obj
 COMMON         0x00000000       0x20 CMakeFiles/BSP.dir/Drivers/STM32F1xx_HAL_Driver/Src/stm32f1xx_hal_flash.c.obj
 .text          0x00000000        0x0 CMakeFiles/BSP.dir/Drivers/STM32F1xx_HAL_Driver/Src/stm32f1xx_hal_pwr.c.obj
 .data          0x00000000        0x0 CMakeFiles/BSP.dir/Drivers/STM32F1xx_HAL_Driver/Src/stm32f1xx_hal_pwr.c.obj
 .bss           0x00000000        0x0 CMakeFiles/BSP.dir/Drivers/STM32F1xx_HAL_Driver/Src/stm32f1xx_hal_pwr.c.obj
 .text.PWR_OverloadWfe
                0x00000000        0x6 CMakeFiles/BSP.dir/Drivers/STM32F1xx_HAL_Driver/Src/stm32f1xx_hal_pwr.c.obj
 .text.HAL_PWR_DeInit
                0x00000000       0x18 CMakeFiles/BSP.dir/Drivers/STM32F1xx_HAL_Driver/Src/stm32f1xx_hal_pwr.c.obj
 .text.HAL_PWR_EnableBkUpAccess
                0x00000000        0xc CMakeFiles/BSP.dir/Drivers/STM32F1xx_HAL_Driver/Src/stm32f1xx_hal_pwr.c.obj
 .text.HAL_PWR_DisableBkUpAccess
                0x00000000        0xc CMakeFiles/BSP.dir/Drivers/STM32F1xx_HAL_Driver/Src/stm32f1xx_hal_pwr.c.obj
 .text.HAL_PWR_ConfigPVD
                0x00000000       0x6c CMakeFiles/BSP.dir/Drivers/STM32F1xx_HAL_Driver/Src/stm32f1xx_hal_pwr.c.obj
 .text.HAL_PWR_EnablePVD
                0x00000000        0xc CMakeFiles/BSP.dir/Drivers/STM32F1xx_HAL_Driver/Src/stm32f1xx_hal_pwr.c.obj
 .text.HAL_PWR_DisablePVD
                0x00000000        0xc CMakeFiles/BSP.dir/Drivers/STM32F1xx_HAL_Driver/Src/stm32f1xx_hal_pwr.c.obj
 .text.HAL_PWR_EnableWakeUpPin
                0x00000000       0x18 CMakeFiles/BSP.dir/Drivers/STM32F1xx_HAL_Driver/Src/stm32f1xx_hal_pwr.c.obj
 .text.HAL_PWR_DisableWakeUpPin
                0x00000000       0x18 CMakeFiles/BSP.dir/Drivers/STM32F1xx_HAL_Driver/Src/stm32f1xx_hal_pwr.c.obj
 .text.HAL_PWR_EnterSLEEPMode
                0x00000000       0x20 CMakeFiles/BSP.dir/Drivers/STM32F1xx_HAL_Driver/Src/stm32f1xx_hal_pwr.c.obj
 .text.HAL_PWR_EnterSTOPMode
                0x00000000       0x48 CMakeFiles/BSP.dir/Drivers/STM32F1xx_HAL_Driver/Src/stm32f1xx_hal_pwr.c.obj
 .text.HAL_PWR_EnterSTANDBYMode
                0x00000000       0x20 CMakeFiles/BSP.dir/Drivers/STM32F1xx_HAL_Driver/Src/stm32f1xx_hal_pwr.c.obj
 .text.HAL_PWR_EnableSleepOnExit
                0x00000000       0x10 CMakeFiles/BSP.dir/Drivers/STM32F1xx_HAL_Driver/Src/stm32f1xx_hal_pwr.c.obj
 .text.HAL_PWR_DisableSleepOnExit
                0x00000000       0x10 CMakeFiles/BSP.dir/Drivers/STM32F1xx_HAL_Driver/Src/stm32f1xx_hal_pwr.c.obj
 .text.HAL_PWR_EnableSEVOnPend
                0x00000000       0x10 CMakeFiles/BSP.dir/Drivers/STM32F1xx_HAL_Driver/Src/stm32f1xx_hal_pwr.c.obj
 .text.HAL_PWR_DisableSEVOnPend
                0x00000000       0x10 CMakeFiles/BSP.dir/Drivers/STM32F1xx_HAL_Driver/Src/stm32f1xx_hal_pwr.c.obj
 .text.HAL_PWR_PVDCallback
                0x00000000        0x2 CMakeFiles/BSP.dir/Drivers/STM32F1xx_HAL_Driver/Src/stm32f1xx_hal_pwr.c.obj
 .text.HAL_PWR_PVD_IRQHandler
                0x00000000       0x1c CMakeFiles/BSP.dir/Drivers/STM32F1xx_HAL_Driver/Src/stm32f1xx_hal_pwr.c.obj
 .comment       0x00000000       0x4d CMakeFiles/BSP.dir/Drivers/STM32F1xx_HAL_Driver/Src/stm32f1xx_hal_pwr.c.obj
 .ARM.attributes
                0x00000000       0x2d CMakeFiles/BSP.dir/Drivers/STM32F1xx_HAL_Driver/Src/stm32f1xx_hal_pwr.c.obj
 .text          0x00000000        0x0 CMakeFiles/BSP.dir/Drivers/STM32F1xx_HAL_Driver/Src/stm32f1xx_hal_cortex.c.obj
 .data          0x00000000        0x0 CMakeFiles/BSP.dir/Drivers/STM32F1xx_HAL_Driver/Src/stm32f1xx_hal_cortex.c.obj
 .bss           0x00000000        0x0 CMakeFiles/BSP.dir/Drivers/STM32F1xx_HAL_Driver/Src/stm32f1xx_hal_cortex.c.obj
 .text.HAL_NVIC_DisableIRQ
                0x00000000       0x28 CMakeFiles/BSP.dir/Drivers/STM32F1xx_HAL_Driver/Src/stm32f1xx_hal_cortex.c.obj
 .text.HAL_NVIC_SystemReset
                0x00000000       0x24 CMakeFiles/BSP.dir/Drivers/STM32F1xx_HAL_Driver/Src/stm32f1xx_hal_cortex.c.obj
 .text.HAL_NVIC_GetPriorityGrouping
                0x00000000       0x10 CMakeFiles/BSP.dir/Drivers/STM32F1xx_HAL_Driver/Src/stm32f1xx_hal_cortex.c.obj
 .text.HAL_NVIC_GetPriority
                0x00000000       0x60 CMakeFiles/BSP.dir/Drivers/STM32F1xx_HAL_Driver/Src/stm32f1xx_hal_cortex.c.obj
 .text.HAL_NVIC_SetPendingIRQ
                0x00000000       0x20 CMakeFiles/BSP.dir/Drivers/STM32F1xx_HAL_Driver/Src/stm32f1xx_hal_cortex.c.obj
 .text.HAL_NVIC_GetPendingIRQ
                0x00000000       0x24 CMakeFiles/BSP.dir/Drivers/STM32F1xx_HAL_Driver/Src/stm32f1xx_hal_cortex.c.obj
 .text.HAL_NVIC_ClearPendingIRQ
                0x00000000       0x20 CMakeFiles/BSP.dir/Drivers/STM32F1xx_HAL_Driver/Src/stm32f1xx_hal_cortex.c.obj
 .text.HAL_NVIC_GetActive
                0x00000000       0x24 CMakeFiles/BSP.dir/Drivers/STM32F1xx_HAL_Driver/Src/stm32f1xx_hal_cortex.c.obj
 .text.HAL_SYSTICK_CLKSourceConfig
                0x00000000       0x18 CMakeFiles/BSP.dir/Drivers/STM32F1xx_HAL_Driver/Src/stm32f1xx_hal_cortex.c.obj
 .text.HAL_SYSTICK_Callback
                0x00000000        0x2 CMakeFiles/BSP.dir/Drivers/STM32F1xx_HAL_Driver/Src/stm32f1xx_hal_cortex.c.obj
 .text.HAL_SYSTICK_IRQHandler
                0x00000000        0x8 CMakeFiles/BSP.dir/Drivers/STM32F1xx_HAL_Driver/Src/stm32f1xx_hal_cortex.c.obj
 .text          0x00000000       0x14 CMakeFiles/BSP.dir/startup_stm32f103xb.s.obj
 .data          0x00000000        0x0 CMakeFiles/BSP.dir/startup_stm32f103xb.s.obj
 .bss           0x00000000        0x0 CMakeFiles/BSP.dir/startup_stm32f103xb.s.obj
 .text          0x00000000        0x0 CMakeFiles/BSP.dir/Drivers/STM32F1xx_HAL_Driver/Src/stm32f1xx_hal_dma.c.obj
 .data          0x00000000        0x0 CMakeFiles/BSP.dir/Drivers/STM32F1xx_HAL_Driver/Src/stm32f1xx_hal_dma.c.obj
 .bss           0x00000000        0x0 CMakeFiles/BSP.dir/Drivers/STM32F1xx_HAL_Driver/Src/stm32f1xx_hal_dma.c.obj
 .text.HAL_DMA_Init
                0x00000000       0x5c CMakeFiles/BSP.dir/Drivers/STM32F1xx_HAL_Driver/Src/stm32f1xx_hal_dma.c.obj
 .text.HAL_DMA_DeInit
                0x00000000       0x50 CMakeFiles/BSP.dir/Drivers/STM32F1xx_HAL_Driver/Src/stm32f1xx_hal_dma.c.obj
 .text.HAL_DMA_Start
                0x00000000       0x5c CMakeFiles/BSP.dir/Drivers/STM32F1xx_HAL_Driver/Src/stm32f1xx_hal_dma.c.obj
 .text.HAL_DMA_Start_IT
                0x00000000       0x78 CMakeFiles/BSP.dir/Drivers/STM32F1xx_HAL_Driver/Src/stm32f1xx_hal_dma.c.obj
 .text.HAL_DMA_Abort
                0x00000000       0x3c CMakeFiles/BSP.dir/Drivers/STM32F1xx_HAL_Driver/Src/stm32f1xx_hal_dma.c.obj
 .text.HAL_DMA_PollForTransfer
                0x00000000      0x234 CMakeFiles/BSP.dir/Drivers/STM32F1xx_HAL_Driver/Src/stm32f1xx_hal_dma.c.obj
 .text.HAL_DMA_IRQHandler
                0x00000000      0x124 CMakeFiles/BSP.dir/Drivers/STM32F1xx_HAL_Driver/Src/stm32f1xx_hal_dma.c.obj
 .text.HAL_DMA_RegisterCallback
                0x00000000       0x40 CMakeFiles/BSP.dir/Drivers/STM32F1xx_HAL_Driver/Src/stm32f1xx_hal_dma.c.obj
 .text.HAL_DMA_UnRegisterCallback
                0x00000000       0x50 CMakeFiles/BSP.dir/Drivers/STM32F1xx_HAL_Driver/Src/stm32f1xx_hal_dma.c.obj
 .text.HAL_DMA_GetState
                0x00000000        0x6 CMakeFiles/BSP.dir/Drivers/STM32F1xx_HAL_Driver/Src/stm32f1xx_hal_dma.c.obj
 .text.HAL_DMA_GetError
                0x00000000        0x4 CMakeFiles/BSP.dir/Drivers/STM32F1xx_HAL_Driver/Src/stm32f1xx_hal_dma.c.obj
 .text          0x00000000        0x0 CMakeFiles/BSP.dir/Drivers/STM32F1xx_HAL_Driver/Src/stm32f1xx_hal_gpio.c.obj
 .data          0x00000000        0x0 CMakeFiles/BSP.dir/Drivers/STM32F1xx_HAL_Driver/Src/stm32f1xx_hal_gpio.c.obj
 .bss           0x00000000        0x0 CMakeFiles/BSP.dir/Drivers/STM32F1xx_HAL_Driver/Src/stm32f1xx_hal_gpio.c.obj
 .text.HAL_GPIO_DeInit
                0x00000000       0xdc CMakeFiles/BSP.dir/Drivers/STM32F1xx_HAL_Driver/Src/stm32f1xx_hal_gpio.c.obj
 .text.HAL_GPIO_ReadPin
                0x00000000        0xc CMakeFiles/BSP.dir/Drivers/STM32F1xx_HAL_Driver/Src/stm32f1xx_hal_gpio.c.obj
 .text.HAL_GPIO_TogglePin
                0x00000000       0x12 CMakeFiles/BSP.dir/Drivers/STM32F1xx_HAL_Driver/Src/stm32f1xx_hal_gpio.c.obj
 .text.HAL_GPIO_LockPin
                0x00000000       0x2a CMakeFiles/BSP.dir/Drivers/STM32F1xx_HAL_Driver/Src/stm32f1xx_hal_gpio.c.obj
 .text.HAL_GPIO_EXTI_Callback
                0x00000000        0x2 CMakeFiles/BSP.dir/Drivers/STM32F1xx_HAL_Driver/Src/stm32f1xx_hal_gpio.c.obj
 .text.HAL_GPIO_EXTI_IRQHandler
                0x00000000       0x18 CMakeFiles/BSP.dir/Drivers/STM32F1xx_HAL_Driver/Src/stm32f1xx_hal_gpio.c.obj
 .text          0x00000000        0x0 CMakeFiles/BSP.dir/Drivers/STM32F1xx_HAL_Driver/Src/stm32f1xx_hal_rcc_ex.c.obj
 .data          0x00000000        0x0 CMakeFiles/BSP.dir/Drivers/STM32F1xx_HAL_Driver/Src/stm32f1xx_hal_rcc_ex.c.obj
 .bss           0x00000000        0x0 CMakeFiles/BSP.dir/Drivers/STM32F1xx_HAL_Driver/Src/stm32f1xx_hal_rcc_ex.c.obj
 .text.HAL_RCCEx_PeriphCLKConfig
                0x00000000       0xf0 CMakeFiles/BSP.dir/Drivers/STM32F1xx_HAL_Driver/Src/stm32f1xx_hal_rcc_ex.c.obj
 .text.HAL_RCCEx_GetPeriphCLKConfig
                0x00000000       0x24 CMakeFiles/BSP.dir/Drivers/STM32F1xx_HAL_Driver/Src/stm32f1xx_hal_rcc_ex.c.obj
 .rodata.HAL_RCCEx_GetPeriphCLKFreq.str1.1
                0x00000000       0x11 CMakeFiles/BSP.dir/Drivers/STM32F1xx_HAL_Driver/Src/stm32f1xx_hal_rcc_ex.c.obj
 .text.HAL_RCCEx_GetPeriphCLKFreq
                0x00000000       0xe8 CMakeFiles/BSP.dir/Drivers/STM32F1xx_HAL_Driver/Src/stm32f1xx_hal_rcc_ex.c.obj
 .comment       0x00000000       0x4d CMakeFiles/BSP.dir/Drivers/STM32F1xx_HAL_Driver/Src/stm32f1xx_hal_rcc_ex.c.obj
 .ARM.attributes
                0x00000000       0x2d CMakeFiles/BSP.dir/Drivers/STM32F1xx_HAL_Driver/Src/stm32f1xx_hal_rcc_ex.c.obj
 .text          0x00000000        0x0 CMakeFiles/BSP.dir/Drivers/STM32F1xx_HAL_Driver/Src/stm32f1xx_hal_rcc.c.obj
 .data          0x00000000        0x0 CMakeFiles/BSP.dir/Drivers/STM32F1xx_HAL_Driver/Src/stm32f1xx_hal_rcc.c.obj
 .bss           0x00000000        0x0 CMakeFiles/BSP.dir/Drivers/STM32F1xx_HAL_Driver/Src/stm32f1xx_hal_rcc.c.obj
 .text.HAL_RCC_DeInit
                0x00000000       0xd8 CMakeFiles/BSP.dir/Drivers/STM32F1xx_HAL_Driver/Src/stm32f1xx_hal_rcc.c.obj
 .text.HAL_RCC_MCOConfig
                0x00000000       0x4c CMakeFiles/BSP.dir/Drivers/STM32F1xx_HAL_Driver/Src/stm32f1xx_hal_rcc.c.obj
 .text.HAL_RCC_EnableCSS
                0x00000000        0xc CMakeFiles/BSP.dir/Drivers/STM32F1xx_HAL_Driver/Src/stm32f1xx_hal_rcc.c.obj
 .text.HAL_RCC_DisableCSS
                0x00000000        0xc CMakeFiles/BSP.dir/Drivers/STM32F1xx_HAL_Driver/Src/stm32f1xx_hal_rcc.c.obj
 .text.HAL_RCC_GetHCLKFreq
                0x00000000        0xc CMakeFiles/BSP.dir/Drivers/STM32F1xx_HAL_Driver/Src/stm32f1xx_hal_rcc.c.obj
 .text.HAL_RCC_GetOscConfig
                0x00000000       0x7c CMakeFiles/BSP.dir/Drivers/STM32F1xx_HAL_Driver/Src/stm32f1xx_hal_rcc.c.obj
 .text.HAL_RCC_GetClockConfig
                0x00000000       0x3c CMakeFiles/BSP.dir/Drivers/STM32F1xx_HAL_Driver/Src/stm32f1xx_hal_rcc.c.obj
 .text.HAL_RCC_CSSCallback
                0x00000000        0x2 CMakeFiles/BSP.dir/Drivers/STM32F1xx_HAL_Driver/Src/stm32f1xx_hal_rcc.c.obj
 .text.HAL_RCC_NMI_IRQHandler
                0x00000000       0x20 CMakeFiles/BSP.dir/Drivers/STM32F1xx_HAL_Driver/Src/stm32f1xx_hal_rcc.c.obj
 .text          0x00000000        0x0 CMakeFiles/BSP.dir/Drivers/STM32F1xx_HAL_Driver/Src/stm32f1xx_hal.c.obj
 .data          0x00000000        0x0 CMakeFiles/BSP.dir/Drivers/STM32F1xx_HAL_Driver/Src/stm32f1xx_hal.c.obj
 .bss           0x00000000        0x0 CMakeFiles/BSP.dir/Drivers/STM32F1xx_HAL_Driver/Src/stm32f1xx_hal.c.obj
 .text.HAL_MspInit
                0x00000000        0x2 CMakeFiles/BSP.dir/Drivers/STM32F1xx_HAL_Driver/Src/stm32f1xx_hal.c.obj
 .text.HAL_MspDeInit
                0x00000000        0x2 CMakeFiles/BSP.dir/Drivers/STM32F1xx_HAL_Driver/Src/stm32f1xx_hal.c.obj
 .text.HAL_DeInit
                0x00000000       0x20 CMakeFiles/BSP.dir/Drivers/STM32F1xx_HAL_Driver/Src/stm32f1xx_hal.c.obj
 .text.HAL_GetTickPrio
                0x00000000        0xc CMakeFiles/BSP.dir/Drivers/STM32F1xx_HAL_Driver/Src/stm32f1xx_hal.c.obj
 .text.HAL_SetTickFreq
                0x00000000       0x28 CMakeFiles/BSP.dir/Drivers/STM32F1xx_HAL_Driver/Src/stm32f1xx_hal.c.obj
 .text.HAL_GetTickFreq
                0x00000000        0xc CMakeFiles/BSP.dir/Drivers/STM32F1xx_HAL_Driver/Src/stm32f1xx_hal.c.obj
 .text.HAL_SuspendTick
                0x00000000       0x10 CMakeFiles/BSP.dir/Drivers/STM32F1xx_HAL_Driver/Src/stm32f1xx_hal.c.obj
 .text.HAL_ResumeTick
                0x00000000       0x10 CMakeFiles/BSP.dir/Drivers/STM32F1xx_HAL_Driver/Src/stm32f1xx_hal.c.obj
 .text.HAL_GetHalVersion
                0x00000000        0x8 CMakeFiles/BSP.dir/Drivers/STM32F1xx_HAL_Driver/Src/stm32f1xx_hal.c.obj
 .text.HAL_GetREVID
                0x00000000        0xc CMakeFiles/BSP.dir/Drivers/STM32F1xx_HAL_Driver/Src/stm32f1xx_hal.c.obj
 .text.HAL_GetDEVID
                0x00000000       0x10 CMakeFiles/BSP.dir/Drivers/STM32F1xx_HAL_Driver/Src/stm32f1xx_hal.c.obj
 .text.HAL_GetUIDw0
                0x00000000        0xc CMakeFiles/BSP.dir/Drivers/STM32F1xx_HAL_Driver/Src/stm32f1xx_hal.c.obj
 .text.HAL_GetUIDw1
                0x00000000        0xc CMakeFiles/BSP.dir/Drivers/STM32F1xx_HAL_Driver/Src/stm32f1xx_hal.c.obj
 .text.HAL_GetUIDw2
                0x00000000        0xc CMakeFiles/BSP.dir/Drivers/STM32F1xx_HAL_Driver/Src/stm32f1xx_hal.c.obj
 .text.HAL_DBGMCU_EnableDBGSleepMode
                0x00000000       0x10 CMakeFiles/BSP.dir/Drivers/STM32F1xx_HAL_Driver/Src/stm32f1xx_hal.c.obj
 .text.HAL_DBGMCU_DisableDBGSleepMode
                0x00000000       0x10 CMakeFiles/BSP.dir/Drivers/STM32F1xx_HAL_Driver/Src/stm32f1xx_hal.c.obj
 .text.HAL_DBGMCU_EnableDBGStopMode
                0x00000000       0x10 CMakeFiles/BSP.dir/Drivers/STM32F1xx_HAL_Driver/Src/stm32f1xx_hal.c.obj
 .text.HAL_DBGMCU_DisableDBGStopMode
                0x00000000       0x10 CMakeFiles/BSP.dir/Drivers/STM32F1xx_HAL_Driver/Src/stm32f1xx_hal.c.obj
 .text.HAL_DBGMCU_EnableDBGStandbyMode
                0x00000000       0x10 CMakeFiles/BSP.dir/Drivers/STM32F1xx_HAL_Driver/Src/stm32f1xx_hal.c.obj
 .text.HAL_DBGMCU_DisableDBGStandbyMode
                0x00000000       0x10 CMakeFiles/BSP.dir/Drivers/STM32F1xx_HAL_Driver/Src/stm32f1xx_hal.c.obj
 .text          0x00000000        0x0 CMakeFiles/BSP.dir/Drivers/STM32F1xx_HAL_Driver/Src/stm32f1xx_hal_uart.c.obj
 .data          0x00000000        0x0 CMakeFiles/BSP.dir/Drivers/STM32F1xx_HAL_Driver/Src/stm32f1xx_hal_uart.c.obj
 .bss           0x00000000        0x0 CMakeFiles/BSP.dir/Drivers/STM32F1xx_HAL_Driver/Src/stm32f1xx_hal_uart.c.obj
 .text.UART_WaitOnFlagUntilTimeout.constprop.0
                0x00000000       0x50 CMakeFiles/BSP.dir/Drivers/STM32F1xx_HAL_Driver/Src/stm32f1xx_hal_uart.c.obj
 .text.HAL_UART_MspInit
                0x00000000        0x2 CMakeFiles/BSP.dir/Drivers/STM32F1xx_HAL_Driver/Src/stm32f1xx_hal_uart.c.obj
 .text.HAL_HalfDuplex_Init
                0x00000000       0x64 CMakeFiles/BSP.dir/Drivers/STM32F1xx_HAL_Driver/Src/stm32f1xx_hal_uart.c.obj
 .text.HAL_LIN_Init
                0x00000000       0x76 CMakeFiles/BSP.dir/Drivers/STM32F1xx_HAL_Driver/Src/stm32f1xx_hal_uart.c.obj
 .text.HAL_MultiProcessor_Init
                0x00000000       0x7e CMakeFiles/BSP.dir/Drivers/STM32F1xx_HAL_Driver/Src/stm32f1xx_hal_uart.c.obj
 .text.HAL_UART_MspDeInit
                0x00000000        0x2 CMakeFiles/BSP.dir/Drivers/STM32F1xx_HAL_Driver/Src/stm32f1xx_hal_uart.c.obj
 .text.HAL_UART_DeInit
                0x00000000       0x30 CMakeFiles/BSP.dir/Drivers/STM32F1xx_HAL_Driver/Src/stm32f1xx_hal_uart.c.obj
 .text.HAL_UART_Transmit
                0x00000000       0xaa CMakeFiles/BSP.dir/Drivers/STM32F1xx_HAL_Driver/Src/stm32f1xx_hal_uart.c.obj
 .text.HAL_UART_Receive
                0x00000000       0xba CMakeFiles/BSP.dir/Drivers/STM32F1xx_HAL_Driver/Src/stm32f1xx_hal_uart.c.obj
 .text.HAL_UART_Transmit_DMA
                0x00000000       0x74 CMakeFiles/BSP.dir/Drivers/STM32F1xx_HAL_Driver/Src/stm32f1xx_hal_uart.c.obj
 .text.HAL_UART_Receive_DMA
                0x00000000       0x90 CMakeFiles/BSP.dir/Drivers/STM32F1xx_HAL_Driver/Src/stm32f1xx_hal_uart.c.obj
 .text.HAL_UART_DMAPause
                0x00000000       0x5a CMakeFiles/BSP.dir/Drivers/STM32F1xx_HAL_Driver/Src/stm32f1xx_hal_uart.c.obj
 .text.HAL_UART_DMAResume
                0x00000000       0x62 CMakeFiles/BSP.dir/Drivers/STM32F1xx_HAL_Driver/Src/stm32f1xx_hal_uart.c.obj
 .text.HAL_UART_DMAStop
                0x00000000       0x5e CMakeFiles/BSP.dir/Drivers/STM32F1xx_HAL_Driver/Src/stm32f1xx_hal_uart.c.obj
 .text.HAL_UART_Abort
                0x00000000       0x80 CMakeFiles/BSP.dir/Drivers/STM32F1xx_HAL_Driver/Src/stm32f1xx_hal_uart.c.obj
 .text.HAL_UART_AbortTransmit
                0x00000000       0x48 CMakeFiles/BSP.dir/Drivers/STM32F1xx_HAL_Driver/Src/stm32f1xx_hal_uart.c.obj
 .text.HAL_UART_AbortReceive
                0x00000000       0x50 CMakeFiles/BSP.dir/Drivers/STM32F1xx_HAL_Driver/Src/stm32f1xx_hal_uart.c.obj
 .text.UART_DMATransmitCplt
                0x00000000       0x2c CMakeFiles/BSP.dir/Drivers/STM32F1xx_HAL_Driver/Src/stm32f1xx_hal_uart.c.obj
 .text.HAL_UART_TxHalfCpltCallback
                0x00000000        0x2 CMakeFiles/BSP.dir/Drivers/STM32F1xx_HAL_Driver/Src/stm32f1xx_hal_uart.c.obj
 .text.UART_DMATxHalfCplt
                0x00000000        0xa CMakeFiles/BSP.dir/Drivers/STM32F1xx_HAL_Driver/Src/stm32f1xx_hal_uart.c.obj
 .text.HAL_UART_RxCpltCallback
                0x00000000        0x2 CMakeFiles/BSP.dir/Drivers/STM32F1xx_HAL_Driver/Src/stm32f1xx_hal_uart.c.obj
 .text.UART_DMAReceiveCplt
                0x00000000       0x38 CMakeFiles/BSP.dir/Drivers/STM32F1xx_HAL_Driver/Src/stm32f1xx_hal_uart.c.obj
 .text.HAL_UART_RxHalfCpltCallback
                0x00000000        0x2 CMakeFiles/BSP.dir/Drivers/STM32F1xx_HAL_Driver/Src/stm32f1xx_hal_uart.c.obj
 .text.UART_DMARxHalfCplt
                0x00000000        0xa CMakeFiles/BSP.dir/Drivers/STM32F1xx_HAL_Driver/Src/stm32f1xx_hal_uart.c.obj
 .text.UART_DMAError
                0x00000000       0x4a CMakeFiles/BSP.dir/Drivers/STM32F1xx_HAL_Driver/Src/stm32f1xx_hal_uart.c.obj
 .text.HAL_UART_AbortCpltCallback
                0x00000000        0x2 CMakeFiles/BSP.dir/Drivers/STM32F1xx_HAL_Driver/Src/stm32f1xx_hal_uart.c.obj
 .text.HAL_UART_Abort_IT
                0x00000000       0xa8 CMakeFiles/BSP.dir/Drivers/STM32F1xx_HAL_Driver/Src/stm32f1xx_hal_uart.c.obj
 .text.UART_DMARxAbortCallback
                0x00000000       0x28 CMakeFiles/BSP.dir/Drivers/STM32F1xx_HAL_Driver/Src/stm32f1xx_hal_uart.c.obj
 .text.UART_DMATxAbortCallback
                0x00000000       0x28 CMakeFiles/BSP.dir/Drivers/STM32F1xx_HAL_Driver/Src/stm32f1xx_hal_uart.c.obj
 .text.HAL_UART_AbortTransmitCpltCallback
                0x00000000        0x2 CMakeFiles/BSP.dir/Drivers/STM32F1xx_HAL_Driver/Src/stm32f1xx_hal_uart.c.obj
 .text.HAL_UART_AbortTransmit_IT
                0x00000000       0x50 CMakeFiles/BSP.dir/Drivers/STM32F1xx_HAL_Driver/Src/stm32f1xx_hal_uart.c.obj
 .text.UART_DMATxOnlyAbortCallback
                0x00000000       0x14 CMakeFiles/BSP.dir/Drivers/STM32F1xx_HAL_Driver/Src/stm32f1xx_hal_uart.c.obj
 .text.HAL_UART_AbortReceiveCpltCallback
                0x00000000        0x2 CMakeFiles/BSP.dir/Drivers/STM32F1xx_HAL_Driver/Src/stm32f1xx_hal_uart.c.obj
 .text.HAL_UART_AbortReceive_IT
                0x00000000       0x58 CMakeFiles/BSP.dir/Drivers/STM32F1xx_HAL_Driver/Src/stm32f1xx_hal_uart.c.obj
 .text.UART_DMARxOnlyAbortCallback
                0x00000000       0x14 CMakeFiles/BSP.dir/Drivers/STM32F1xx_HAL_Driver/Src/stm32f1xx_hal_uart.c.obj
 .text.HAL_LIN_SendBreak
                0x00000000       0x2c CMakeFiles/BSP.dir/Drivers/STM32F1xx_HAL_Driver/Src/stm32f1xx_hal_uart.c.obj
 .text.HAL_MultiProcessor_EnterMuteMode
                0x00000000       0x2c CMakeFiles/BSP.dir/Drivers/STM32F1xx_HAL_Driver/Src/stm32f1xx_hal_uart.c.obj
 .text.HAL_MultiProcessor_ExitMuteMode
                0x00000000       0x2c CMakeFiles/BSP.dir/Drivers/STM32F1xx_HAL_Driver/Src/stm32f1xx_hal_uart.c.obj
 .text.HAL_HalfDuplex_EnableTransmitter
                0x00000000       0x30 CMakeFiles/BSP.dir/Drivers/STM32F1xx_HAL_Driver/Src/stm32f1xx_hal_uart.c.obj
 .text.HAL_HalfDuplex_EnableReceiver
                0x00000000       0x30 CMakeFiles/BSP.dir/Drivers/STM32F1xx_HAL_Driver/Src/stm32f1xx_hal_uart.c.obj
 .text.HAL_UART_GetState
                0x00000000        0xc CMakeFiles/BSP.dir/Drivers/STM32F1xx_HAL_Driver/Src/stm32f1xx_hal_uart.c.obj
 .text.HAL_UART_GetError
                0x00000000        0x4 CMakeFiles/BSP.dir/Drivers/STM32F1xx_HAL_Driver/Src/stm32f1xx_hal_uart.c.obj
 .text          0x00000000        0x0 CMakeFiles/BSP.dir/Drivers/STM32F1xx_HAL_Driver/Src/stm32f1xx_hal_tim_ex.c.obj
 .data          0x00000000        0x0 CMakeFiles/BSP.dir/Drivers/STM32F1xx_HAL_Driver/Src/stm32f1xx_hal_tim_ex.c.obj
 .bss           0x00000000        0x0 CMakeFiles/BSP.dir/Drivers/STM32F1xx_HAL_Driver/Src/stm32f1xx_hal_tim_ex.c.obj
 .comment       0x00000000       0x4d CMakeFiles/BSP.dir/Drivers/STM32F1xx_HAL_Driver/Src/stm32f1xx_hal_tim_ex.c.obj
 .ARM.attributes
                0x00000000       0x33 CMakeFiles/BSP.dir/Drivers/STM32F1xx_HAL_Driver/Src/stm32f1xx_hal_tim_ex.c.obj
 .text          0x00000000        0x0 CMakeFiles/BSP.dir/Drivers/STM32F1xx_HAL_Driver/Src/stm32f1xx_hal_tim.c.obj
 .data          0x00000000        0x0 CMakeFiles/BSP.dir/Drivers/STM32F1xx_HAL_Driver/Src/stm32f1xx_hal_tim.c.obj
 .bss           0x00000000        0x0 CMakeFiles/BSP.dir/Drivers/STM32F1xx_HAL_Driver/Src/stm32f1xx_hal_tim.c.obj
 .comment       0x00000000       0x4d CMakeFiles/BSP.dir/Drivers/STM32F1xx_HAL_Driver/Src/stm32f1xx_hal_tim.c.obj
 .ARM.attributes
                0x00000000       0x33 CMakeFiles/BSP.dir/Drivers/STM32F1xx_HAL_Driver/Src/stm32f1xx_hal_tim.c.obj
 .text          0x00000000        0x0 CMakeFiles/BSP.dir/Drivers/STM32F1xx_HAL_Driver/Src/stm32f1xx_hal_gpio_ex.c.obj
 .data          0x00000000        0x0 CMakeFiles/BSP.dir/Drivers/STM32F1xx_HAL_Driver/Src/stm32f1xx_hal_gpio_ex.c.obj
 .bss           0x00000000        0x0 CMakeFiles/BSP.dir/Drivers/STM32F1xx_HAL_Driver/Src/stm32f1xx_hal_gpio_ex.c.obj
 .text.HAL_GPIOEx_ConfigEventout
                0x00000000       0x14 CMakeFiles/BSP.dir/Drivers/STM32F1xx_HAL_Driver/Src/stm32f1xx_hal_gpio_ex.c.obj
 .text.HAL_GPIOEx_EnableEventout
                0x00000000       0x10 CMakeFiles/BSP.dir/Drivers/STM32F1xx_HAL_Driver/Src/stm32f1xx_hal_gpio_ex.c.obj
 .text.HAL_GPIOEx_DisableEventout
                0x00000000       0x10 CMakeFiles/BSP.dir/Drivers/STM32F1xx_HAL_Driver/Src/stm32f1xx_hal_gpio_ex.c.obj
 .comment       0x00000000       0x4d CMakeFiles/BSP.dir/Drivers/STM32F1xx_HAL_Driver/Src/stm32f1xx_hal_gpio_ex.c.obj
 .ARM.attributes
                0x00000000       0x2d CMakeFiles/BSP.dir/Drivers/STM32F1xx_HAL_Driver/Src/stm32f1xx_hal_gpio_ex.c.obj
 .text          0x00000000        0x0 CMakeFiles/BSP.dir/Src/stm32f1xx_hal_msp.c.obj
 .data          0x00000000        0x0 CMakeFiles/BSP.dir/Src/stm32f1xx_hal_msp.c.obj
 .bss           0x00000000        0x0 CMakeFiles/BSP.dir/Src/stm32f1xx_hal_msp.c.obj
 .text          0x00000000        0x0 CMakeFiles/BSP.dir/Src/stm32f1xx_it.c.obj
 .data          0x00000000        0x0 CMakeFiles/BSP.dir/Src/stm32f1xx_it.c.obj
 .bss           0x00000000        0x0 CMakeFiles/BSP.dir/Src/stm32f1xx_it.c.obj
 .text          0x00000000        0x0 CMakeFiles/BSP.dir/Src/usart.c.obj
 .data          0x00000000        0x0 CMakeFiles/BSP.dir/Src/usart.c.obj
 .bss           0x00000000        0x0 CMakeFiles/BSP.dir/Src/usart.c.obj
 .text.HAL_UART_MspDeInit
                0x00000000       0x38 CMakeFiles/BSP.dir/Src/usart.c.obj
 .text          0x00000000        0x0 CMakeFiles/BSP.dir/Src/gpio.c.obj
 .data          0x00000000        0x0 CMakeFiles/BSP.dir/Src/gpio.c.obj
 .bss           0x00000000        0x0 CMakeFiles/BSP.dir/Src/gpio.c.obj
 .text          0x00000000        0x0 CMakeFiles/BSP.dir/Src/main.c.obj
 .data          0x00000000        0x0 CMakeFiles/BSP.dir/Src/main.c.obj
 .bss           0x00000000        0x0 CMakeFiles/BSP.dir/Src/main.c.obj
 .text          0x00000000        0x0 CMakeFiles/UartExample.dir/Loop.cpp.obj
 .data          0x00000000        0x0 CMakeFiles/UartExample.dir/Loop.cpp.obj
 .bss           0x00000000        0x0 CMakeFiles/UartExample.dir/Loop.cpp.obj
 .text          0x00000000        0x0 CMakeFiles/UartExample.dir/MainClass.cpp.obj
 .data          0x00000000        0x0 CMakeFiles/UartExample.dir/MainClass.cpp.obj
 .bss           0x00000000        0x0 CMakeFiles/UartExample.dir/MainClass.cpp.obj
 .text          0x00000000        0x0 CMakeFiles/UartExample.dir/Led.cpp.obj
 .data          0x00000000        0x0 CMakeFiles/UartExample.dir/Led.cpp.obj
 .bss           0x00000000        0x0 CMakeFiles/UartExample.dir/Led.cpp.obj
 .text._ZN3Led9ToggleLedEv
                0x00000000        0x8 CMakeFiles/UartExample.dir/Led.cpp.obj
 .text          0x00000000        0x0 CMakeFiles/UartExample.dir/Uart.cpp.obj
 .data          0x00000000        0x0 CMakeFiles/UartExample.dir/Uart.cpp.obj
 .bss           0x00000000        0x0 CMakeFiles/UartExample.dir/Uart.cpp.obj
 .text._ZN4Uart23UsartPollingModeExampleEv
                0x00000000       0x2c CMakeFiles/UartExample.dir/Uart.cpp.obj
 .text          0x00000000        0x0 c:/sysgcc/update/bin/../lib/gcc/arm-none-eabi/9.3.1/../../../../arm-none-eabi/lib/thumb/v7-m/nofp\libc.a(lib_a-exit.o)
 .data          0x00000000        0x0 c:/sysgcc/update/bin/../lib/gcc/arm-none-eabi/9.3.1/../../../../arm-none-eabi/lib/thumb/v7-m/nofp\libc.a(lib_a-exit.o)
 .bss           0x00000000        0x0 c:/sysgcc/update/bin/../lib/gcc/arm-none-eabi/9.3.1/../../../../arm-none-eabi/lib/thumb/v7-m/nofp\libc.a(lib_a-exit.o)
 .text.exit     0x00000000       0x20 c:/sysgcc/update/bin/../lib/gcc/arm-none-eabi/9.3.1/../../../../arm-none-eabi/lib/thumb/v7-m/nofp\libc.a(lib_a-exit.o)
 .debug_frame   0x00000000       0x28 c:/sysgcc/update/bin/../lib/gcc/arm-none-eabi/9.3.1/../../../../arm-none-eabi/lib/thumb/v7-m/nofp\libc.a(lib_a-exit.o)
 .ARM.attributes
                0x00000000       0x2d c:/sysgcc/update/bin/../lib/gcc/arm-none-eabi/9.3.1/../../../../arm-none-eabi/lib/thumb/v7-m/nofp\libc.a(lib_a-exit.o)
 .text          0x00000000        0x0 c:/sysgcc/update/bin/../lib/gcc/arm-none-eabi/9.3.1/../../../../arm-none-eabi/lib/thumb/v7-m/nofp\libc.a(lib_a-impure.o)
 .data          0x00000000        0x0 c:/sysgcc/update/bin/../lib/gcc/arm-none-eabi/9.3.1/../../../../arm-none-eabi/lib/thumb/v7-m/nofp\libc.a(lib_a-impure.o)
 .bss           0x00000000        0x0 c:/sysgcc/update/bin/../lib/gcc/arm-none-eabi/9.3.1/../../../../arm-none-eabi/lib/thumb/v7-m/nofp\libc.a(lib_a-impure.o)
 .data._impure_ptr
                0x00000000        0x4 c:/sysgcc/update/bin/../lib/gcc/arm-none-eabi/9.3.1/../../../../arm-none-eabi/lib/thumb/v7-m/nofp\libc.a(lib_a-impure.o)
 .text          0x00000000        0x0 c:/sysgcc/update/bin/../lib/gcc/arm-none-eabi/9.3.1/../../../../arm-none-eabi/lib/thumb/v7-m/nofp\libc.a(lib_a-init.o)
 .data          0x00000000        0x0 c:/sysgcc/update/bin/../lib/gcc/arm-none-eabi/9.3.1/../../../../arm-none-eabi/lib/thumb/v7-m/nofp\libc.a(lib_a-init.o)
 .bss           0x00000000        0x0 c:/sysgcc/update/bin/../lib/gcc/arm-none-eabi/9.3.1/../../../../arm-none-eabi/lib/thumb/v7-m/nofp\libc.a(lib_a-init.o)
 .text          0x00000000        0x0 c:/sysgcc/update/bin/../lib/gcc/arm-none-eabi/9.3.1/../../../../arm-none-eabi/lib/thumb/v7-m/nofp\libc.a(lib_a-memset.o)
 .data          0x00000000        0x0 c:/sysgcc/update/bin/../lib/gcc/arm-none-eabi/9.3.1/../../../../arm-none-eabi/lib/thumb/v7-m/nofp\libc.a(lib_a-memset.o)
 .bss           0x00000000        0x0 c:/sysgcc/update/bin/../lib/gcc/arm-none-eabi/9.3.1/../../../../arm-none-eabi/lib/thumb/v7-m/nofp\libc.a(lib_a-memset.o)
 .text          0x00000000        0x0 c:/sysgcc/update/bin/../lib/gcc/arm-none-eabi/9.3.1/../../../../arm-none-eabi/lib/thumb/v7-m/nofp\libc.a(lib_a-__call_atexit.o)
 .data          0x00000000        0x0 c:/sysgcc/update/bin/../lib/gcc/arm-none-eabi/9.3.1/../../../../arm-none-eabi/lib/thumb/v7-m/nofp\libc.a(lib_a-__call_atexit.o)
 .bss           0x00000000        0x0 c:/sysgcc/update/bin/../lib/gcc/arm-none-eabi/9.3.1/../../../../arm-none-eabi/lib/thumb/v7-m/nofp\libc.a(lib_a-__call_atexit.o)
 .text.__call_exitprocs
                0x00000000       0xc0 c:/sysgcc/update/bin/../lib/gcc/arm-none-eabi/9.3.1/../../../../arm-none-eabi/lib/thumb/v7-m/nofp\libc.a(lib_a-__call_atexit.o)
 .text          0x00000000        0x0 c:/sysgcc/update/bin/../lib/gcc/arm-none-eabi/9.3.1/../../../../arm-none-eabi/lib/thumb/v7-m/nofp\libc.a(lib_a-atexit.o)
 .data          0x00000000        0x0 c:/sysgcc/update/bin/../lib/gcc/arm-none-eabi/9.3.1/../../../../arm-none-eabi/lib/thumb/v7-m/nofp\libc.a(lib_a-atexit.o)
 .bss           0x00000000        0x0 c:/sysgcc/update/bin/../lib/gcc/arm-none-eabi/9.3.1/../../../../arm-none-eabi/lib/thumb/v7-m/nofp\libc.a(lib_a-atexit.o)
 .text          0x00000000        0x0 c:/sysgcc/update/bin/../lib/gcc/arm-none-eabi/9.3.1/../../../../arm-none-eabi/lib/thumb/v7-m/nofp\libc.a(lib_a-fini.o)
 .data          0x00000000        0x0 c:/sysgcc/update/bin/../lib/gcc/arm-none-eabi/9.3.1/../../../../arm-none-eabi/lib/thumb/v7-m/nofp\libc.a(lib_a-fini.o)
 .bss           0x00000000        0x0 c:/sysgcc/update/bin/../lib/gcc/arm-none-eabi/9.3.1/../../../../arm-none-eabi/lib/thumb/v7-m/nofp\libc.a(lib_a-fini.o)
 .text          0x00000000        0x0 c:/sysgcc/update/bin/../lib/gcc/arm-none-eabi/9.3.1/../../../../arm-none-eabi/lib/thumb/v7-m/nofp\libc.a(lib_a-lock.o)
 .data          0x00000000        0x0 c:/sysgcc/update/bin/../lib/gcc/arm-none-eabi/9.3.1/../../../../arm-none-eabi/lib/thumb/v7-m/nofp\libc.a(lib_a-lock.o)
 .bss           0x00000000        0x0 c:/sysgcc/update/bin/../lib/gcc/arm-none-eabi/9.3.1/../../../../arm-none-eabi/lib/thumb/v7-m/nofp\libc.a(lib_a-lock.o)
 .text.__retarget_lock_init
                0x00000000        0x4 c:/sysgcc/update/bin/../lib/gcc/arm-none-eabi/9.3.1/../../../../arm-none-eabi/lib/thumb/v7-m/nofp\libc.a(lib_a-lock.o)
 .text.__retarget_lock_init_recursive
                0x00000000        0x4 c:/sysgcc/update/bin/../lib/gcc/arm-none-eabi/9.3.1/../../../../arm-none-eabi/lib/thumb/v7-m/nofp\libc.a(lib_a-lock.o)
 .text.__retarget_lock_close
                0x00000000        0x4 c:/sysgcc/update/bin/../lib/gcc/arm-none-eabi/9.3.1/../../../../arm-none-eabi/lib/thumb/v7-m/nofp\libc.a(lib_a-lock.o)
 .text.__retarget_lock_close_recursive
                0x00000000        0x4 c:/sysgcc/update/bin/../lib/gcc/arm-none-eabi/9.3.1/../../../../arm-none-eabi/lib/thumb/v7-m/nofp\libc.a(lib_a-lock.o)
 .text.__retarget_lock_acquire
                0x00000000        0x4 c:/sysgcc/update/bin/../lib/gcc/arm-none-eabi/9.3.1/../../../../arm-none-eabi/lib/thumb/v7-m/nofp\libc.a(lib_a-lock.o)
 .text.__retarget_lock_try_acquire
                0x00000000        0x4 c:/sysgcc/update/bin/../lib/gcc/arm-none-eabi/9.3.1/../../../../arm-none-eabi/lib/thumb/v7-m/nofp\libc.a(lib_a-lock.o)
 .text.__retarget_lock_try_acquire_recursive
                0x00000000        0x4 c:/sysgcc/update/bin/../lib/gcc/arm-none-eabi/9.3.1/../../../../arm-none-eabi/lib/thumb/v7-m/nofp\libc.a(lib_a-lock.o)
 .text.__retarget_lock_release
                0x00000000        0x4 c:/sysgcc/update/bin/../lib/gcc/arm-none-eabi/9.3.1/../../../../arm-none-eabi/lib/thumb/v7-m/nofp\libc.a(lib_a-lock.o)
 .text          0x00000000        0x0 c:/sysgcc/update/bin/../lib/gcc/arm-none-eabi/9.3.1/../../../../arm-none-eabi/lib/thumb/v7-m/nofp\libc.a(lib_a-__atexit.o)
 .data          0x00000000        0x0 c:/sysgcc/update/bin/../lib/gcc/arm-none-eabi/9.3.1/../../../../arm-none-eabi/lib/thumb/v7-m/nofp\libc.a(lib_a-__atexit.o)
 .bss           0x00000000        0x0 c:/sysgcc/update/bin/../lib/gcc/arm-none-eabi/9.3.1/../../../../arm-none-eabi/lib/thumb/v7-m/nofp\libc.a(lib_a-__atexit.o)
 .text          0x00000000        0x0 c:/sysgcc/update/bin/../lib/gcc/arm-none-eabi/9.3.1/thumb/v7-m/nofp/crtend.o
 .data          0x00000000        0x0 c:/sysgcc/update/bin/../lib/gcc/arm-none-eabi/9.3.1/thumb/v7-m/nofp/crtend.o
 .bss           0x00000000        0x0 c:/sysgcc/update/bin/../lib/gcc/arm-none-eabi/9.3.1/thumb/v7-m/nofp/crtend.o
 .eh_frame      0x00000000        0x4 c:/sysgcc/update/bin/../lib/gcc/arm-none-eabi/9.3.1/thumb/v7-m/nofp/crtend.o
 .ARM.attributes
                0x00000000       0x2d c:/sysgcc/update/bin/../lib/gcc/arm-none-eabi/9.3.1/thumb/v7-m/nofp/crtend.o
 .text          0x00000000        0x0 c:/sysgcc/update/bin/../lib/gcc/arm-none-eabi/9.3.1/thumb/v7-m/nofp/crtn.o
 .data          0x00000000        0x0 c:/sysgcc/update/bin/../lib/gcc/arm-none-eabi/9.3.1/thumb/v7-m/nofp/crtn.o
 .bss           0x00000000        0x0 c:/sysgcc/update/bin/../lib/gcc/arm-none-eabi/9.3.1/thumb/v7-m/nofp/crtn.o

Memory Configuration

Name             Origin             Length             Attributes
RAM              0x20000000         0x00005000         xrw
FLASH            0x08000000         0x00010000         xr
*default*        0x00000000         0xffffffff

Linker script and memory map

LOAD c:/sysgcc/update/bin/../lib/gcc/arm-none-eabi/9.3.1/thumb/v7-m/nofp/crti.o
LOAD c:/sysgcc/update/bin/../lib/gcc/arm-none-eabi/9.3.1/thumb/v7-m/nofp/crtbegin.o
LOAD c:/sysgcc/update/bin/../lib/gcc/arm-none-eabi/9.3.1/../../../../arm-none-eabi/lib/thumb/v7-m/nofp/crt0.o
LOAD CMakeFiles/BSP.dir/Src/system_stm32f1xx.c.obj
LOAD CMakeFiles/BSP.dir/Drivers/STM32F1xx_HAL_Driver/Src/stm32f1xx_hal_exti.c.obj
LOAD CMakeFiles/BSP.dir/Drivers/STM32F1xx_HAL_Driver/Src/stm32f1xx_hal_flash_ex.c.obj
LOAD CMakeFiles/BSP.dir/Drivers/STM32F1xx_HAL_Driver/Src/stm32f1xx_hal_flash.c.obj
LOAD CMakeFiles/BSP.dir/Drivers/STM32F1xx_HAL_Driver/Src/stm32f1xx_hal_pwr.c.obj
LOAD CMakeFiles/BSP.dir/Drivers/STM32F1xx_HAL_Driver/Src/stm32f1xx_hal_cortex.c.obj
LOAD CMakeFiles/BSP.dir/startup_stm32f103xb.s.obj
LOAD CMakeFiles/BSP.dir/Drivers/STM32F1xx_HAL_Driver/Src/stm32f1xx_hal_dma.c.obj
LOAD CMakeFiles/BSP.dir/Drivers/STM32F1xx_HAL_Driver/Src/stm32f1xx_hal_gpio.c.obj
LOAD CMakeFiles/BSP.dir/Drivers/STM32F1xx_HAL_Driver/Src/stm32f1xx_hal_rcc_ex.c.obj
LOAD CMakeFiles/BSP.dir/Drivers/STM32F1xx_HAL_Driver/Src/stm32f1xx_hal_rcc.c.obj
LOAD CMakeFiles/BSP.dir/Drivers/STM32F1xx_HAL_Driver/Src/stm32f1xx_hal.c.obj
LOAD CMakeFiles/BSP.dir/Drivers/STM32F1xx_HAL_Driver/Src/stm32f1xx_hal_uart.c.obj
LOAD CMakeFiles/BSP.dir/Drivers/STM32F1xx_HAL_Driver/Src/stm32f1xx_hal_tim_ex.c.obj
LOAD CMakeFiles/BSP.dir/Drivers/STM32F1xx_HAL_Driver/Src/stm32f1xx_hal_tim.c.obj
LOAD CMakeFiles/BSP.dir/Drivers/STM32F1xx_HAL_Driver/Src/stm32f1xx_hal_gpio_ex.c.obj
LOAD CMakeFiles/BSP.dir/Src/stm32f1xx_hal_msp.c.obj
LOAD CMakeFiles/BSP.dir/Src/stm32f1xx_it.c.obj
LOAD CMakeFiles/BSP.dir/Src/usart.c.obj
LOAD CMakeFiles/BSP.dir/Src/gpio.c.obj
LOAD CMakeFiles/BSP.dir/Src/main.c.obj
LOAD CMakeFiles/UartExample.dir/Loop.cpp.obj
LOAD CMakeFiles/UartExample.dir/MainClass.cpp.obj
LOAD CMakeFiles/UartExample.dir/Led.cpp.obj
LOAD CMakeFiles/UartExample.dir/Uart.cpp.obj
LOAD c:/sysgcc/update/bin/../lib/gcc/arm-none-eabi/9.3.1/../../../../arm-none-eabi/lib/thumb/v7-m/nofp\libstdc++.a
LOAD c:/sysgcc/update/bin/../lib/gcc/arm-none-eabi/9.3.1/../../../../arm-none-eabi/lib/thumb/v7-m/nofp\libm.a
START GROUP
LOAD c:/sysgcc/update/bin/../lib/gcc/arm-none-eabi/9.3.1/thumb/v7-m/nofp\libgcc.a
LOAD c:/sysgcc/update/bin/../lib/gcc/arm-none-eabi/9.3.1/../../../../arm-none-eabi/lib/thumb/v7-m/nofp\libc.a
END GROUP
LOAD c:/sysgcc/update/bin/../lib/gcc/arm-none-eabi/9.3.1/thumb/v7-m/nofp/crtend.o
LOAD c:/sysgcc/update/bin/../lib/gcc/arm-none-eabi/9.3.1/thumb/v7-m/nofp/crtn.o
                0x20005000                _estack = 0x20005000
                0x00000200                _Min_Heap_Size = 0x200
                0x00000400                _Min_Stack_Size = 0x400

.isr_vector     0x08000000      0x10c
                0x08000000                . = ALIGN (0x4)
 *(.isr_vector)
 .isr_vector    0x08000000      0x10c CMakeFiles/BSP.dir/startup_stm32f103xb.s.obj
                0x08000000                g_pfnVectors
                0x0800010c                . = ALIGN (0x4)

.text           0x0800010c     0x1154
                0x0800010c                . = ALIGN (0x4)
 *(.text)
 .text          0x0800010c       0x40 c:/sysgcc/update/bin/../lib/gcc/arm-none-eabi/9.3.1/thumb/v7-m/nofp/crtbegin.o
 *(.text*)
 .text.SystemInit
                0x0800014c        0x2 CMakeFiles/BSP.dir/Src/system_stm32f1xx.c.obj
                0x0800014c                SystemInit
 *fill*         0x0800014e        0x2 
 .text.HAL_NVIC_SetPriorityGrouping
                0x08000150       0x24 CMakeFiles/BSP.dir/Drivers/STM32F1xx_HAL_Driver/Src/stm32f1xx_hal_cortex.c.obj
                0x08000150                HAL_NVIC_SetPriorityGrouping
 .text.HAL_NVIC_SetPriority
                0x08000174       0x64 CMakeFiles/BSP.dir/Drivers/STM32F1xx_HAL_Driver/Src/stm32f1xx_hal_cortex.c.obj
                0x08000174                HAL_NVIC_SetPriority
 .text.HAL_NVIC_EnableIRQ
                0x080001d8       0x1c CMakeFiles/BSP.dir/Drivers/STM32F1xx_HAL_Driver/Src/stm32f1xx_hal_cortex.c.obj
                0x080001d8                HAL_NVIC_EnableIRQ
 .text.HAL_SYSTICK_Config
                0x080001f4       0x2c CMakeFiles/BSP.dir/Drivers/STM32F1xx_HAL_Driver/Src/stm32f1xx_hal_cortex.c.obj
                0x080001f4                HAL_SYSTICK_Config
 .text.Reset_Handler
                0x08000220       0x48 CMakeFiles/BSP.dir/startup_stm32f103xb.s.obj
                0x08000220                Reset_Handler
 .text.Default_Handler
                0x08000268        0x2 CMakeFiles/BSP.dir/startup_stm32f103xb.s.obj
                0x08000268                RTC_Alarm_IRQHandler
                0x08000268                EXTI2_IRQHandler
                0x08000268                TIM1_CC_IRQHandler
                0x08000268                PVD_IRQHandler
                0x08000268                EXTI3_IRQHandler
                0x08000268                EXTI0_IRQHandler
                0x08000268                I2C2_EV_IRQHandler
                0x08000268                ADC1_2_IRQHandler
                0x08000268                SPI1_IRQHandler
                0x08000268                TAMPER_IRQHandler
                0x08000268                DMA1_Channel4_IRQHandler
                0x08000268                USART3_IRQHandler
                0x08000268                RTC_IRQHandler
                0x08000268                DMA1_Channel7_IRQHandler
                0x08000268                CAN1_RX1_IRQHandler
                0x08000268                TIM4_IRQHandler
                0x08000268                I2C1_EV_IRQHandler
                0x08000268                DMA1_Channel6_IRQHandler
                0x08000268                TIM3_IRQHandler
                0x08000268                RCC_IRQHandler
                0x08000268                TIM1_TRG_COM_IRQHandler
                0x08000268                DMA1_Channel1_IRQHandler
                0x08000268                Default_Handler
                0x08000268                EXTI15_10_IRQHandler
                0x08000268                EXTI9_5_IRQHandler
                0x08000268                SPI2_IRQHandler
                0x08000268                DMA1_Channel5_IRQHandler
                0x08000268                EXTI4_IRQHandler
                0x08000268                USB_LP_CAN1_RX0_IRQHandler
                0x08000268                USB_HP_CAN1_TX_IRQHandler
                0x08000268                DMA1_Channel3_IRQHandler
                0x08000268                TIM1_UP_IRQHandler
                0x08000268                WWDG_IRQHandler
                0x08000268                TIM2_IRQHandler
                0x08000268                TIM1_BRK_IRQHandler
                0x08000268                EXTI1_IRQHandler
                0x08000268                USART2_IRQHandler
                0x08000268                I2C2_ER_IRQHandler
                0x08000268                DMA1_Channel2_IRQHandler
                0x08000268                CAN1_SCE_IRQHandler
                0x08000268                FLASH_IRQHandler
                0x08000268                I2C1_ER_IRQHandler
                0x08000268                USBWakeUp_IRQHandler
 *fill*         0x0800026a        0x2 
 .text.HAL_DMA_Abort_IT
                0x0800026c       0x8c CMakeFiles/BSP.dir/Drivers/STM32F1xx_HAL_Driver/Src/stm32f1xx_hal_dma.c.obj
                0x0800026c                HAL_DMA_Abort_IT
 .text.HAL_GPIO_Init
                0x080002f8      0x1b8 CMakeFiles/BSP.dir/Drivers/STM32F1xx_HAL_Driver/Src/stm32f1xx_hal_gpio.c.obj
                0x080002f8                HAL_GPIO_Init
 .text.HAL_GPIO_WritePin
                0x080004b0        0xa CMakeFiles/BSP.dir/Drivers/STM32F1xx_HAL_Driver/Src/stm32f1xx_hal_gpio.c.obj
                0x080004b0                HAL_GPIO_WritePin
 *fill*         0x080004ba        0x2 
 .text.HAL_RCC_OscConfig
                0x080004bc      0x338 CMakeFiles/BSP.dir/Drivers/STM32F1xx_HAL_Driver/Src/stm32f1xx_hal_rcc.c.obj
                0x080004bc                HAL_RCC_OscConfig
 .text.HAL_RCC_GetSysClockFreq
                0x080007f4       0x74 CMakeFiles/BSP.dir/Drivers/STM32F1xx_HAL_Driver/Src/stm32f1xx_hal_rcc.c.obj
                0x080007f4                HAL_RCC_GetSysClockFreq
 .text.HAL_RCC_ClockConfig
                0x08000868      0x138 CMakeFiles/BSP.dir/Drivers/STM32F1xx_HAL_Driver/Src/stm32f1xx_hal_rcc.c.obj
                0x08000868                HAL_RCC_ClockConfig
 .text.HAL_RCC_GetPCLK1Freq
                0x080009a0       0x20 CMakeFiles/BSP.dir/Drivers/STM32F1xx_HAL_Driver/Src/stm32f1xx_hal_rcc.c.obj
                0x080009a0                HAL_RCC_GetPCLK1Freq
 .text.HAL_RCC_GetPCLK2Freq
                0x080009c0       0x20 CMakeFiles/BSP.dir/Drivers/STM32F1xx_HAL_Driver/Src/stm32f1xx_hal_rcc.c.obj
                0x080009c0                HAL_RCC_GetPCLK2Freq
 .text.HAL_InitTick
                0x080009e0       0x48 CMakeFiles/BSP.dir/Drivers/STM32F1xx_HAL_Driver/Src/stm32f1xx_hal.c.obj
                0x080009e0                HAL_InitTick
 .text.HAL_Init
                0x08000a28       0x24 CMakeFiles/BSP.dir/Drivers/STM32F1xx_HAL_Driver/Src/stm32f1xx_hal.c.obj
                0x08000a28                HAL_Init
 .text.HAL_IncTick
                0x08000a4c       0x18 CMakeFiles/BSP.dir/Drivers/STM32F1xx_HAL_Driver/Src/stm32f1xx_hal.c.obj
                0x08000a4c                HAL_IncTick
 .text.HAL_GetTick
                0x08000a64        0xc CMakeFiles/BSP.dir/Drivers/STM32F1xx_HAL_Driver/Src/stm32f1xx_hal.c.obj
                0x08000a64                HAL_GetTick
 .text.HAL_Delay
                0x08000a70       0x24 CMakeFiles/BSP.dir/Drivers/STM32F1xx_HAL_Driver/Src/stm32f1xx_hal.c.obj
                0x08000a70                HAL_Delay
 .text.UART_EndRxTransfer
                0x08000a94       0x1a CMakeFiles/BSP.dir/Drivers/STM32F1xx_HAL_Driver/Src/stm32f1xx_hal_uart.c.obj
 *fill*         0x08000aae        0x2 
 .text.UART_SetConfig
                0x08000ab0       0x74 CMakeFiles/BSP.dir/Drivers/STM32F1xx_HAL_Driver/Src/stm32f1xx_hal_uart.c.obj
 .text.HAL_UART_Init
                0x08000b24       0x5c CMakeFiles/BSP.dir/Drivers/STM32F1xx_HAL_Driver/Src/stm32f1xx_hal_uart.c.obj
                0x08000b24                HAL_UART_Init
 .text.HAL_UART_Transmit_IT
                0x08000b80       0x3e CMakeFiles/BSP.dir/Drivers/STM32F1xx_HAL_Driver/Src/stm32f1xx_hal_uart.c.obj
                0x08000b80                HAL_UART_Transmit_IT
 .text.HAL_UART_Receive_IT
                0x08000bbe       0x4e CMakeFiles/BSP.dir/Drivers/STM32F1xx_HAL_Driver/Src/stm32f1xx_hal_uart.c.obj
                0x08000bbe                HAL_UART_Receive_IT
 .text.HAL_UART_TxCpltCallback
                0x08000c0c        0x2 CMakeFiles/BSP.dir/Drivers/STM32F1xx_HAL_Driver/Src/stm32f1xx_hal_uart.c.obj
                0x08000c0c                HAL_UART_TxCpltCallback
 .text.UART_Receive_IT
                0x08000c0e       0x76 CMakeFiles/BSP.dir/Drivers/STM32F1xx_HAL_Driver/Src/stm32f1xx_hal_uart.c.obj
 .text.HAL_UART_ErrorCallback
                0x08000c84        0x2 CMakeFiles/BSP.dir/Drivers/STM32F1xx_HAL_Driver/Src/stm32f1xx_hal_uart.c.obj
                0x08000c84                HAL_UART_ErrorCallback
 *fill*         0x08000c86        0x2 
 .text.HAL_UART_IRQHandler
                0x08000c88      0x144 CMakeFiles/BSP.dir/Drivers/STM32F1xx_HAL_Driver/Src/stm32f1xx_hal_uart.c.obj
                0x08000c88                HAL_UART_IRQHandler
 .text.UART_DMAAbortOnError
                0x08000dcc       0x10 CMakeFiles/BSP.dir/Drivers/STM32F1xx_HAL_Driver/Src/stm32f1xx_hal_uart.c.obj
 .text.HAL_MspInit
                0x08000ddc       0x44 CMakeFiles/BSP.dir/Src/stm32f1xx_hal_msp.c.obj
                0x08000ddc                HAL_MspInit
 .text.NMI_Handler
                0x08000e20        0x2 CMakeFiles/BSP.dir/Src/stm32f1xx_it.c.obj
                0x08000e20                NMI_Handler
 .text.HardFault_Handler
                0x08000e22        0x2 CMakeFiles/BSP.dir/Src/stm32f1xx_it.c.obj
                0x08000e22                HardFault_Handler
 .text.MemManage_Handler
                0x08000e24        0x2 CMakeFiles/BSP.dir/Src/stm32f1xx_it.c.obj
                0x08000e24                MemManage_Handler
 .text.BusFault_Handler
                0x08000e26        0x2 CMakeFiles/BSP.dir/Src/stm32f1xx_it.c.obj
                0x08000e26                BusFault_Handler
 .text.UsageFault_Handler
                0x08000e28        0x2 CMakeFiles/BSP.dir/Src/stm32f1xx_it.c.obj
                0x08000e28                UsageFault_Handler
 .text.SVC_Handler
                0x08000e2a        0x2 CMakeFiles/BSP.dir/Src/stm32f1xx_it.c.obj
                0x08000e2a                SVC_Handler
 .text.DebugMon_Handler
                0x08000e2c        0x2 CMakeFiles/BSP.dir/Src/stm32f1xx_it.c.obj
                0x08000e2c                DebugMon_Handler
 .text.PendSV_Handler
                0x08000e2e        0x2 CMakeFiles/BSP.dir/Src/stm32f1xx_it.c.obj
                0x08000e2e                PendSV_Handler
 .text.SysTick_Handler
                0x08000e30        0x4 CMakeFiles/BSP.dir/Src/stm32f1xx_it.c.obj
                0x08000e30                SysTick_Handler
 .text.USART1_IRQHandler
                0x08000e34        0xc CMakeFiles/BSP.dir/Src/stm32f1xx_it.c.obj
                0x08000e34                USART1_IRQHandler
 .text.MX_USART1_UART_Init
                0x08000e40       0x38 CMakeFiles/BSP.dir/Src/usart.c.obj
                0x08000e40                MX_USART1_UART_Init
 .text.HAL_UART_MspInit
                0x08000e78       0x88 CMakeFiles/BSP.dir/Src/usart.c.obj
                0x08000e78                HAL_UART_MspInit
 .text.MX_GPIO_Init
                0x08000f00       0x7c CMakeFiles/BSP.dir/Src/gpio.c.obj
                0x08000f00                MX_GPIO_Init
 .text.SystemClock_Config
                0x08000f7c       0x44 CMakeFiles/BSP.dir/Src/main.c.obj
                0x08000f7c                SystemClock_Config
 .text.startup.main
                0x08000fc0       0x1a CMakeFiles/BSP.dir/Src/main.c.obj
                0x08000fc0                main
 .text.Error_Handler
                0x08000fda        0x2 CMakeFiles/BSP.dir/Src/main.c.obj
                0x08000fda                Error_Handler
 .text.Looper   0x08000fdc       0x18 CMakeFiles/UartExample.dir/Loop.cpp.obj
                0x08000fdc                Looper
 .text.HAL_UART_RxCpltCallback
                0x08000ff4        0xc CMakeFiles/UartExample.dir/Loop.cpp.obj
                0x08000ff4                HAL_UART_RxCpltCallback
 .text.startup._GLOBAL__sub_I_mainObject
                0x08001000       0x18 CMakeFiles/UartExample.dir/Loop.cpp.obj
 .text._ZN9MainClass4InitEv
                0x08001018        0x4 CMakeFiles/UartExample.dir/MainClass.cpp.obj
                0x08001018                MainClass::Init()
 .text._ZN9MainClass13RepeatingLoopEv
                0x0800101c        0x8 CMakeFiles/UartExample.dir/MainClass.cpp.obj
                0x0800101c                MainClass::RepeatingLoop()
 .text._ZN3Led9TurnOnLedEv
                0x08001024        0xa CMakeFiles/UartExample.dir/Led.cpp.obj
                0x08001024                Led::TurnOnLed()
 .text._ZN3Led10TurnOffLedEv
                0x0800102e        0xa CMakeFiles/UartExample.dir/Led.cpp.obj
                0x0800102e                Led::TurnOffLed()
 .text._ZN3Led16BlinkPollingModeEm
                0x08001038       0x20 CMakeFiles/UartExample.dir/Led.cpp.obj
                0x08001038                Led::BlinkPollingMode(unsigned long)
 .text._ZN4Uart22EnableUsartRxInterruptEv
                0x08001058       0x10 CMakeFiles/UartExample.dir/Uart.cpp.obj
                0x08001058                Uart::EnableUsartRxInterrupt()
 .text._ZN4Uart22UartRxCompleteInterrupEP20__UART_HandleTypeDef
                0x08001068       0x18 CMakeFiles/UartExample.dir/Uart.cpp.obj
                0x08001068                Uart::UartRxCompleteInterrup(__UART_HandleTypeDef*)
 .text.__libc_init_array
                0x08001080       0x48 c:/sysgcc/update/bin/../lib/gcc/arm-none-eabi/9.3.1/../../../../arm-none-eabi/lib/thumb/v7-m/nofp\libc.a(lib_a-init.o)
                0x08001080                __libc_init_array
 .text.memset   0x080010c8       0xa0 c:/sysgcc/update/bin/../lib/gcc/arm-none-eabi/9.3.1/../../../../arm-none-eabi/lib/thumb/v7-m/nofp\libc.a(lib_a-memset.o)
                0x080010c8                memset
 .text.startup.register_fini
                0x08001168       0x14 c:/sysgcc/update/bin/../lib/gcc/arm-none-eabi/9.3.1/../../../../arm-none-eabi/lib/thumb/v7-m/nofp\libc.a(lib_a-__call_atexit.o)
 .text.atexit   0x0800117c        0xc c:/sysgcc/update/bin/../lib/gcc/arm-none-eabi/9.3.1/../../../../arm-none-eabi/lib/thumb/v7-m/nofp\libc.a(lib_a-atexit.o)
                0x0800117c                atexit
 .text.__libc_fini_array
                0x08001188       0x2c c:/sysgcc/update/bin/../lib/gcc/arm-none-eabi/9.3.1/../../../../arm-none-eabi/lib/thumb/v7-m/nofp\libc.a(lib_a-fini.o)
                0x08001188                __libc_fini_array
 .text.__retarget_lock_acquire_recursive
                0x080011b4        0x4 c:/sysgcc/update/bin/../lib/gcc/arm-none-eabi/9.3.1/../../../../arm-none-eabi/lib/thumb/v7-m/nofp\libc.a(lib_a-lock.o)
                0x080011b4                __retarget_lock_acquire_recursive
 .text.__retarget_lock_release_recursive
                0x080011b8        0x4 c:/sysgcc/update/bin/../lib/gcc/arm-none-eabi/9.3.1/../../../../arm-none-eabi/lib/thumb/v7-m/nofp\libc.a(lib_a-lock.o)
                0x080011b8                __retarget_lock_release_recursive
 .text.__register_exitproc
                0x080011bc       0x8c c:/sysgcc/update/bin/../lib/gcc/arm-none-eabi/9.3.1/../../../../arm-none-eabi/lib/thumb/v7-m/nofp\libc.a(lib_a-__atexit.o)
                0x080011bc                __register_exitproc
 *(.glue_7)
 .glue_7        0x08001248        0x0 linker stubs
 *(.glue_7t)
 .glue_7t       0x08001248        0x0 linker stubs
 *(.eh_frame)
 .eh_frame      0x08001248        0x0 c:/sysgcc/update/bin/../lib/gcc/arm-none-eabi/9.3.1/thumb/v7-m/nofp/crtbegin.o
 *(.init)
 .init          0x08001248        0x4 c:/sysgcc/update/bin/../lib/gcc/arm-none-eabi/9.3.1/thumb/v7-m/nofp/crti.o
                0x08001248                _init
 .init          0x0800124c        0x8 c:/sysgcc/update/bin/../lib/gcc/arm-none-eabi/9.3.1/thumb/v7-m/nofp/crtn.o
 *(.fini)
 .fini          0x08001254        0x4 c:/sysgcc/update/bin/../lib/gcc/arm-none-eabi/9.3.1/thumb/v7-m/nofp/crti.o
                0x08001254                _fini
 .fini          0x08001258        0x8 c:/sysgcc/update/bin/../lib/gcc/arm-none-eabi/9.3.1/thumb/v7-m/nofp/crtn.o
                0x08001260                . = ALIGN (0x4)
                0x08001260                _etext = .

.vfp11_veneer   0x08001260        0x0
 .vfp11_veneer  0x08001260        0x0 linker stubs

.v4_bx          0x08001260        0x0
 .v4_bx         0x08001260        0x0 linker stubs

.iplt           0x08001260        0x0
 .iplt          0x08001260        0x0 c:/sysgcc/update/bin/../lib/gcc/arm-none-eabi/9.3.1/thumb/v7-m/nofp/crtbegin.o

.rodata         0x08001260       0x30
                0x08001260                . = ALIGN (0x4)
 *(.rodata)
 *(.rodata*)
 .rodata.AHBPrescTable
                0x08001260       0x10 CMakeFiles/BSP.dir/Src/system_stm32f1xx.c.obj
                0x08001260                AHBPrescTable
 .rodata.APBPrescTable
                0x08001270        0x8 CMakeFiles/BSP.dir/Src/system_stm32f1xx.c.obj
                0x08001270                APBPrescTable
 .rodata.HAL_RCC_GetSysClockFreq.str1.1
                0x08001278       0x11 CMakeFiles/BSP.dir/Drivers/STM32F1xx_HAL_Driver/Src/stm32f1xx_hal_rcc.c.obj
 *fill*         0x08001289        0x3 
 .rodata._global_impure_ptr
                0x0800128c        0x4 c:/sysgcc/update/bin/../lib/gcc/arm-none-eabi/9.3.1/../../../../arm-none-eabi/lib/thumb/v7-m/nofp\libc.a(lib_a-impure.o)
                0x0800128c                _global_impure_ptr
                0x08001290                . = ALIGN (0x4)

.rel.dyn        0x08001290        0x0
 .rel.iplt      0x08001290        0x0 c:/sysgcc/update/bin/../lib/gcc/arm-none-eabi/9.3.1/thumb/v7-m/nofp/crtbegin.o

.ARM.extab
 *(.ARM.extab* .gnu.linkonce.armextab.*)

.ARM            0x08001290        0x0
                0x08001290                __exidx_start = .
 *(.ARM.exidx*)
                0x08001290                __exidx_end = .

.preinit_array  0x08001290        0x0
                0x08001290                PROVIDE (__preinit_array_start = .)
 *(.preinit_array*)
                0x08001290                PROVIDE (__preinit_array_end = .)

.init_array     0x08001290        0xc
                0x08001290                PROVIDE (__init_array_start = .)
 *(SORT_BY_NAME(.init_array.*))
 .init_array.00000
                0x08001290        0x4 c:/sysgcc/update/bin/../lib/gcc/arm-none-eabi/9.3.1/../../../../arm-none-eabi/lib/thumb/v7-m/nofp\libc.a(lib_a-__call_atexit.o)
 *(.init_array*)
 .init_array    0x08001294        0x4 c:/sysgcc/update/bin/../lib/gcc/arm-none-eabi/9.3.1/thumb/v7-m/nofp/crtbegin.o
 .init_array    0x08001298        0x4 CMakeFiles/UartExample.dir/Loop.cpp.obj
                0x0800129c                PROVIDE (__init_array_end = .)

.fini_array     0x0800129c        0x4
                0x0800129c                PROVIDE (__fini_array_start = .)
 *(SORT_BY_NAME(.fini_array.*))
 *(.fini_array*)
 .fini_array    0x0800129c        0x4 c:/sysgcc/update/bin/../lib/gcc/arm-none-eabi/9.3.1/thumb/v7-m/nofp/crtbegin.o
                0x080012a0                PROVIDE (__fini_array_end = .)
                0x080012a0                _sidata = LOADADDR (.data)

.data           0x20000000      0x43c load address 0x080012a0
                0x20000000                . = ALIGN (0x4)
                0x20000000                _sdata = .
 *(.data)
 *(.data*)
 .data.SystemCoreClock
                0x20000000        0x4 CMakeFiles/BSP.dir/Src/system_stm32f1xx.c.obj
                0x20000000                SystemCoreClock
 .data.uwTickFreq
                0x20000004        0x1 CMakeFiles/BSP.dir/Drivers/STM32F1xx_HAL_Driver/Src/stm32f1xx_hal.c.obj
                0x20000004                uwTickFreq
 *fill*         0x20000005        0x3 
 .data.uwTickPrio
                0x20000008        0x4 CMakeFiles/BSP.dir/Drivers/STM32F1xx_HAL_Driver/Src/stm32f1xx_hal.c.obj
                0x20000008                uwTickPrio
 *fill*         0x2000000c        0x4 
 .data.impure_data
                0x20000010      0x428 c:/sysgcc/update/bin/../lib/gcc/arm-none-eabi/9.3.1/../../../../arm-none-eabi/lib/thumb/v7-m/nofp\libc.a(lib_a-impure.o)
 .data.__atexit_recursive_mutex
                0x20000438        0x4 c:/sysgcc/update/bin/../lib/gcc/arm-none-eabi/9.3.1/../../../../arm-none-eabi/lib/thumb/v7-m/nofp\libc.a(lib_a-__call_atexit.o)
                0x20000438                __atexit_recursive_mutex
                0x2000043c                . = ALIGN (0x4)
                0x2000043c                _edata = .

.igot.plt       0x2000043c        0x0 load address 0x080016dc
 .igot.plt      0x2000043c        0x0 c:/sysgcc/update/bin/../lib/gcc/arm-none-eabi/9.3.1/thumb/v7-m/nofp/crtbegin.o
                0x2000043c                . = ALIGN (0x4)

.bss            0x2000043c       0x90 load address 0x080016dc
                0x2000043c                _sbss = .
                0x2000043c                __bss_start__ = _sbss
 *(.bss)
 .bss           0x2000043c       0x1c c:/sysgcc/update/bin/../lib/gcc/arm-none-eabi/9.3.1/thumb/v7-m/nofp/crtbegin.o
 *(.bss*)
 .bss.mainObject
                0x20000458        0xc CMakeFiles/UartExample.dir/Loop.cpp.obj
                0x20000458                mainObject
 *(COMMON)
 COMMON         0x20000464        0x4 CMakeFiles/BSP.dir/Drivers/STM32F1xx_HAL_Driver/Src/stm32f1xx_hal.c.obj
                0x20000464                uwTick
 COMMON         0x20000468       0x40 CMakeFiles/BSP.dir/Src/usart.c.obj
                0x20000468                huart1
 COMMON         0x200004a8       0x21 c:/sysgcc/update/bin/../lib/gcc/arm-none-eabi/9.3.1/../../../../arm-none-eabi/lib/thumb/v7-m/nofp\libc.a(lib_a-lock.o)
                0x200004a8                __lock___atexit_recursive_mutex
                0x200004ac                __lock___arc4random_mutex
                0x200004b0                __lock___env_recursive_mutex
                0x200004b4                __lock___sinit_recursive_mutex
                0x200004b8                __lock___malloc_recursive_mutex
                0x200004bc                __lock___at_quick_exit_mutex
                0x200004c0                __lock___dd_hash_mutex
                0x200004c4                __lock___tz_mutex
                0x200004c8                __lock___sfp_recursive_mutex
                0x200004cc                . = ALIGN (0x4)
 *fill*         0x200004c9        0x3 
                0x200004cc                _ebss = .
                0x200004cc                __bss_end__ = _ebss

._user_heap_stack
                0x200004cc      0x604 load address 0x080016dc
                0x200004d0                . = ALIGN (0x8)
 *fill*         0x200004cc        0x4 
                [!provide]                PROVIDE (end = .)
                [!provide]                PROVIDE (_end = .)
                0x200006d0                . = (. + _Min_Heap_Size)
 *fill*         0x200004d0      0x200 
                0x20000ad0                . = (. + _Min_Stack_Size)
 *fill*         0x200006d0      0x400 
                0x20000ad0                . = ALIGN (0x8)

/DISCARD/
 libc.a(*)
 libm.a(*)
 libgcc.a(*)

.ARM.attributes
                0x00000000       0x29
 *(.ARM.attributes)
 .ARM.attributes
                0x00000000       0x1d c:/sysgcc/update/bin/../lib/gcc/arm-none-eabi/9.3.1/thumb/v7-m/nofp/crti.o
 .ARM.attributes
                0x0000001d       0x2d c:/sysgcc/update/bin/../lib/gcc/arm-none-eabi/9.3.1/thumb/v7-m/nofp/crtbegin.o
 .ARM.attributes
                0x0000004a       0x2d CMakeFiles/BSP.dir/Src/system_stm32f1xx.c.obj
 .ARM.attributes
                0x00000077       0x2d CMakeFiles/BSP.dir/Drivers/STM32F1xx_HAL_Driver/Src/stm32f1xx_hal_cortex.c.obj
 .ARM.attributes
                0x000000a4       0x21 CMakeFiles/BSP.dir/startup_stm32f103xb.s.obj
 .ARM.attributes
                0x000000c5       0x2d CMakeFiles/BSP.dir/Drivers/STM32F1xx_HAL_Driver/Src/stm32f1xx_hal_dma.c.obj
 .ARM.attributes
                0x000000f2       0x2d CMakeFiles/BSP.dir/Drivers/STM32F1xx_HAL_Driver/Src/stm32f1xx_hal_gpio.c.obj
 .ARM.attributes
                0x0000011f       0x2d CMakeFiles/BSP.dir/Drivers/STM32F1xx_HAL_Driver/Src/stm32f1xx_hal_rcc.c.obj
 .ARM.attributes
                0x0000014c       0x2d CMakeFiles/BSP.dir/Drivers/STM32F1xx_HAL_Driver/Src/stm32f1xx_hal.c.obj
 .ARM.attributes
                0x00000179       0x2d CMakeFiles/BSP.dir/Drivers/STM32F1xx_HAL_Driver/Src/stm32f1xx_hal_uart.c.obj
 .ARM.attributes
                0x000001a6       0x2d CMakeFiles/BSP.dir/Src/stm32f1xx_hal_msp.c.obj
 .ARM.attributes
                0x000001d3       0x2d CMakeFiles/BSP.dir/Src/stm32f1xx_it.c.obj
 .ARM.attributes
                0x00000200       0x2d CMakeFiles/BSP.dir/Src/usart.c.obj
 .ARM.attributes
                0x0000022d       0x2d CMakeFiles/BSP.dir/Src/gpio.c.obj
 .ARM.attributes
                0x0000025a       0x2d CMakeFiles/BSP.dir/Src/main.c.obj
 .ARM.attributes
                0x00000287       0x2d CMakeFiles/UartExample.dir/Loop.cpp.obj
 .ARM.attributes
                0x000002b4       0x2d CMakeFiles/UartExample.dir/MainClass.cpp.obj
 .ARM.attributes
                0x000002e1       0x2d CMakeFiles/UartExample.dir/Led.cpp.obj
 .ARM.attributes
                0x0000030e       0x2d CMakeFiles/UartExample.dir/Uart.cpp.obj
 .ARM.attributes
                0x0000033b       0x2d c:/sysgcc/update/bin/../lib/gcc/arm-none-eabi/9.3.1/../../../../arm-none-eabi/lib/thumb/v7-m/nofp\libc.a(lib_a-impure.o)
 .ARM.attributes
                0x00000368       0x2d c:/sysgcc/update/bin/../lib/gcc/arm-none-eabi/9.3.1/../../../../arm-none-eabi/lib/thumb/v7-m/nofp\libc.a(lib_a-init.o)
 .ARM.attributes
                0x00000395       0x2d c:/sysgcc/update/bin/../lib/gcc/arm-none-eabi/9.3.1/../../../../arm-none-eabi/lib/thumb/v7-m/nofp\libc.a(lib_a-memset.o)
 .ARM.attributes
                0x000003c2       0x2d c:/sysgcc/update/bin/../lib/gcc/arm-none-eabi/9.3.1/../../../../arm-none-eabi/lib/thumb/v7-m/nofp\libc.a(lib_a-__call_atexit.o)
 .ARM.attributes
                0x000003ef       0x2d c:/sysgcc/update/bin/../lib/gcc/arm-none-eabi/9.3.1/../../../../arm-none-eabi/lib/thumb/v7-m/nofp\libc.a(lib_a-atexit.o)
 .ARM.attributes
                0x0000041c       0x2d c:/sysgcc/update/bin/../lib/gcc/arm-none-eabi/9.3.1/../../../../arm-none-eabi/lib/thumb/v7-m/nofp\libc.a(lib_a-fini.o)
 .ARM.attributes
                0x00000449       0x2d c:/sysgcc/update/bin/../lib/gcc/arm-none-eabi/9.3.1/../../../../arm-none-eabi/lib/thumb/v7-m/nofp\libc.a(lib_a-lock.o)
 .ARM.attributes
                0x00000476       0x2d c:/sysgcc/update/bin/../lib/gcc/arm-none-eabi/9.3.1/../../../../arm-none-eabi/lib/thumb/v7-m/nofp\libc.a(lib_a-__atexit.o)
 .ARM.attributes
                0x000004a3       0x1d c:/sysgcc/update/bin/../lib/gcc/arm-none-eabi/9.3.1/thumb/v7-m/nofp/crtn.o
OUTPUT(UartExample elf32-littlearm)
LOAD linker stubs
LOAD c:/sysgcc/update/bin/../lib/gcc/arm-none-eabi/9.3.1/../../../../arm-none-eabi/lib/thumb/v7-m/nofp\libc.a
LOAD c:/sysgcc/update/bin/../lib/gcc/arm-none-eabi/9.3.1/../../../../arm-none-eabi/lib/thumb/v7-m/nofp\libm.a
LOAD c:/sysgcc/update/bin/../lib/gcc/arm-none-eabi/9.3.1/thumb/v7-m/nofp\libgcc.a

.comment        0x00000000       0x4c
 .comment       0x00000000       0x4c CMakeFiles/BSP.dir/Src/system_stm32f1xx.c.obj
                                 0x4d (size before relaxing)
 .comment       0x0000004c       0x4d CMakeFiles/BSP.dir/Drivers/STM32F1xx_HAL_Driver/Src/stm32f1xx_hal_cortex.c.obj
 .comment       0x0000004c       0x4d CMakeFiles/BSP.dir/Drivers/STM32F1xx_HAL_Driver/Src/stm32f1xx_hal_dma.c.obj
 .comment       0x0000004c       0x4d CMakeFiles/BSP.dir/Drivers/STM32F1xx_HAL_Driver/Src/stm32f1xx_hal_gpio.c.obj
 .comment       0x0000004c       0x4d CMakeFiles/BSP.dir/Drivers/STM32F1xx_HAL_Driver/Src/stm32f1xx_hal_rcc.c.obj
 .comment       0x0000004c       0x4d CMakeFiles/BSP.dir/Drivers/STM32F1xx_HAL_Driver/Src/stm32f1xx_hal.c.obj
 .comment       0x0000004c       0x4d CMakeFiles/BSP.dir/Drivers/STM32F1xx_HAL_Driver/Src/stm32f1xx_hal_uart.c.obj
 .comment       0x0000004c       0x4d CMakeFiles/BSP.dir/Src/stm32f1xx_hal_msp.c.obj
 .comment       0x0000004c       0x4d CMakeFiles/BSP.dir/Src/stm32f1xx_it.c.obj
 .comment       0x0000004c       0x4d CMakeFiles/BSP.dir/Src/usart.c.obj
 .comment       0x0000004c       0x4d CMakeFiles/BSP.dir/Src/gpio.c.obj
 .comment       0x0000004c       0x4d CMakeFiles/BSP.dir/Src/main.c.obj
 .comment       0x0000004c       0x4d CMakeFiles/UartExample.dir/Loop.cpp.obj
 .comment       0x0000004c       0x4d CMakeFiles/UartExample.dir/MainClass.cpp.obj
 .comment       0x0000004c       0x4d CMakeFiles/UartExample.dir/Led.cpp.obj
 .comment       0x0000004c       0x4d CMakeFiles/UartExample.dir/Uart.cpp.obj

.debug_frame    0x00000000      0x1f8
 .debug_frame   0x00000000       0x2c c:/sysgcc/update/bin/../lib/gcc/arm-none-eabi/9.3.1/../../../../arm-none-eabi/lib/thumb/v7-m/nofp\libc.a(lib_a-init.o)
 .debug_frame   0x0000002c       0x38 c:/sysgcc/update/bin/../lib/gcc/arm-none-eabi/9.3.1/../../../../arm-none-eabi/lib/thumb/v7-m/nofp\libc.a(lib_a-memset.o)
 .debug_frame   0x00000064       0x5c c:/sysgcc/update/bin/../lib/gcc/arm-none-eabi/9.3.1/../../../../arm-none-eabi/lib/thumb/v7-m/nofp\libc.a(lib_a-__call_atexit.o)
 .debug_frame   0x000000c0       0x20 c:/sysgcc/update/bin/../lib/gcc/arm-none-eabi/9.3.1/../../../../arm-none-eabi/lib/thumb/v7-m/nofp\libc.a(lib_a-atexit.o)
 .debug_frame   0x000000e0       0x34 c:/sysgcc/update/bin/../lib/gcc/arm-none-eabi/9.3.1/../../../../arm-none-eabi/lib/thumb/v7-m/nofp\libc.a(lib_a-fini.o)
 .debug_frame   0x00000114       0xb0 c:/sysgcc/update/bin/../lib/gcc/arm-none-eabi/9.3.1/../../../../arm-none-eabi/lib/thumb/v7-m/nofp\libc.a(lib_a-lock.o)
 .debug_frame   0x000001c4       0x34 c:/sysgcc/update/bin/../lib/gcc/arm-none-eabi/9.3.1/../../../../arm-none-eabi/lib/thumb/v7-m/nofp\libc.a(lib_a-__atexit.o)
